2026-08-03 14:39:57.689 [INFO] [Logger] enabled=True, retention=7d, dir=D:\Programms\kil0bit\kil0bit-system-monitor-3.3.4\bin\Release\net8.0-windows\log
2026-08-03 14:40:02.076 [INFO] [Taskbar.Bounds] hwnd=0x100E2 iconRight=639 trayLeft=2253
2026-08-03 14:40:02.135 [INFO] [Taskbar.Bounds] hwnd=0x100E2 iconRight=639 trayLeft=2253
2026-08-03 14:40:02.147 [INFO] [Taskbar.Bounds] hwnd=0x1012E iconRight=2660 trayLeft=5054
2026-08-03 14:40:02.220 [INFO] [Taskbar.Bounds] hwnd=0x100E2 iconRight=639 trayLeft=2253
2026-08-03 14:40:02.227 [INFO] [Taskbar.Bounds] hwnd=0x1012E iconRight=2660 trayLeft=5054
2026-08-03 14:40:02.753 [INFO] [Taskbar.Bounds] hwnd=0x100E2 iconRight=688 trayLeft=2253
2026-08-03 14:40:02.779 [INFO] [Taskbar.Bounds] hwnd=0x1012E iconRight=2660 trayLeft=5054
2026-08-03 14:40:03.003 [INFO] [Taskbar.Bounds] hwnd=0x100E2 iconRight=688 trayLeft=2253
2026-08-03 14:40:03.007 [INFO] [Taskbar.Bounds] hwnd=0x1012E iconRight=2660 trayLeft=5054
2026-08-03 14:40:03.529 [INFO] [Taskbar.Bounds] hwnd=0x100E2 iconRight=688 trayLeft=2253
2026-08-03 14:40:03.538 [INFO] [Taskbar.Bounds] hwnd=0x1012E iconRight=2660 trayLeft=5054
2026-08-03 14:40:04.059 [INFO] [Taskbar.Bounds] hwnd=0x100E2 iconRight=688 trayLeft=2253
2026-08-03 14:40:04.064 [INFO] [Taskbar.Bounds] hwnd=0x1012E iconRight=2660 trayLeft=5054
2026-08-03 14:40:06.571 [INFO] [Taskbar.Bounds] hwnd=0x100E2 iconRight=688 trayLeft=2253
2026-08-03 14:40:06.576 [INFO] [Taskbar.Bounds] hwnd=0x1012E iconRight=2660 trayLeft=5054
2026-08-03 14:40:06.712 [INFO] [Taskbar.Bounds] hwnd=0x100E2 iconRight=688 trayLeft=2253
2026-08-03 14:40:06.717 [INFO] [Taskbar.Bounds] hwnd=0x1012E iconRight=2660 trayLeft=5054
2026-08-03 14:40:07.242 [INFO] [Taskbar.Bounds] hwnd=0x100E2 iconRight=688 trayLeft=2253
2026-08-03 14:40:07.247 [INFO] [Taskbar.Bounds] hwnd=0x1012E iconRight=2660 trayLeft=5054
2026-08-03 14:40:07.775 [INFO] [Taskbar.Bounds] hwnd=0x100E2 iconRight=688 trayLeft=2253
2026-08-03 14:40:07.781 [INFO] [Taskbar.Bounds] hwnd=0x1012E iconRight=2660 trayLeft=5054
2026-08-03 14:40:08.327 [INFO] [Taskbar.Bounds] hwnd=0x100E2 iconRight=688 trayLeft=2253
2026-08-03 14:40:08.331 [INFO] [Taskbar.Bounds] hwnd=0x1012E iconRight=2660 trayLeft=5054
2026-08-03 14:40:08.864 [INFO] [Taskbar.Bounds] hwnd=0x100E2 iconRight=688 trayLeft=2253
2026-08-03 14:40:08.868 [INFO] [Taskbar.Bounds] hwnd=0x1012E iconRight=2660 trayLeft=5054
2026-08-03 14:40:09.385 [INFO] [Taskbar.Bounds] hwnd=0x100E2 iconRight=688 trayLeft=2253
2026-08-03 14:40:09.391 [INFO] [Taskbar.Bounds] hwnd=0x1012E iconRight=2660 trayLeft=5054
2026-08-03 14:40:09.911 [INFO] [Taskbar.Bounds] hwnd=0x100E2 iconRight=688 trayLeft=2253
2026-08-03 14:40:09.917 [INFO] [Taskbar.Bounds] hwnd=0x1012E iconRight=2660 trayLeft=5054
2026-08-03 14:40:10.436 [INFO] [Taskbar.Bounds] hwnd=0x100E2 iconRight=688 trayLeft=2253
2026-08-03 14:40:10.440 [INFO] [Taskbar.Bounds] hwnd=0x1012E iconRight=2660 trayLeft=5054
2026-08-03 14:40:10.961 [INFO] [Taskbar.Bounds] hwnd=0x100E2 iconRight=688 trayLeft=2253
2026-08-03 14:40:10.966 [INFO] [Taskbar.Bounds] hwnd=0x1012E iconRight=2660 trayLeft=5054
2026-08-03 14:40:11.494 [INFO] [Taskbar.Bounds] hwnd=0x100E2 iconRight=688 trayLeft=2253
2026-08-03 14:40:11.498 [INFO] [Taskbar.Bounds] hwnd=0x1012E iconRight=2660 trayLeft=5054
2026-08-03 14:40:11.904 [INFO] [Taskbar.Bounds] hwnd=0x100E2 iconRight=687 trayLeft=2253
2026-08-03 14:40:11.911 [INFO] [Taskbar.Bounds] hwnd=0x1012E iconRight=2660 trayLeft=5054
2026-08-03 14:40:12.027 [INFO] [Taskbar.Bounds] hwnd=0x100E2 iconRight=653 trayLeft=2253
2026-08-03 14:40:12.032 [INFO] [Taskbar.Bounds] hwnd=0x1012E iconRight=2660 trayLeft=5054
2026-08-03 14:40:12.163 [INFO] [Overlay.Click] DOWN screen=(2091,1431) mode=ProcessList
2026-08-03 14:40:12.574 [INFO] [Taskbar.Bounds] hwnd=0x100E2 iconRight=639 trayLeft=2253
2026-08-03 14:40:12.578 [INFO] [Taskbar.Bounds] hwnd=0x1012E iconRight=2660 trayLeft=5054
2026-08-03 14:40:13.102 [INFO] [Taskbar.Bounds] hwnd=0x100E2 iconRight=639 trayLeft=2253
2026-08-03 14:40:13.107 [INFO] [Taskbar.Bounds] hwnd=0x1012E iconRight=2660 trayLeft=5054
2026-08-03 14:40:13.618 [INFO] [Taskbar.Bounds] hwnd=0x100E2 iconRight=639 trayLeft=2253
2026-08-03 14:40:13.624 [INFO] [Taskbar.Bounds] hwnd=0x1012E iconRight=2660 trayLeft=5054
2026-08-03 14:40:14.143 [INFO] [Taskbar.Bounds] hwnd=0x100E2 iconRight=639 trayLeft=2253
2026-08-03 14:40:14.148 [INFO] [Taskbar.Bounds] hwnd=0x1012E iconRight=2660 trayLeft=5054
2026-08-03 14:40:14.680 [INFO] [Taskbar.Bounds] hwnd=0x100E2 iconRight=639 trayLeft=2253
2026-08-03 14:40:14.685 [INFO] [Taskbar.Bounds] hwnd=0x1012E iconRight=2660 trayLeft=5054
2026-08-03 14:40:15.204 [INFO] [Taskbar.Bounds] hwnd=0x100E2 iconRight=639 trayLeft=2253
2026-08-03 14:40:15.210 [INFO] [Taskbar.Bounds] hwnd=0x1012E iconRight=2660 trayLeft=5054
2026-08-03 14:40:15.743 [INFO] [Taskbar.Bounds] hwnd=0x100E2 iconRight=639 trayLeft=2253
2026-08-03 14:40:15.747 [INFO] [Taskbar.Bounds] hwnd=0x1012E iconRight=2660 trayLeft=5054
2026-08-03 14:40:16.269 [INFO] [Taskbar.Bounds] hwnd=0x100E2 iconRight=639 trayLeft=2253
2026-08-03 14:40:16.275 [INFO] [Taskbar.Bounds] hwnd=0x1012E iconRight=2660 trayLeft=5054
2026-08-03 14:40:16.811 [INFO] [Taskbar.Bounds] hwnd=0x100E2 iconRight=639 trayLeft=2253
2026-08-03 14:40:16.815 [INFO] [Taskbar.Bounds] hwnd=0x1012E iconRight=2660 trayLeft=5054
2026-08-03 14:40:17.341 [INFO] [Taskbar.Bounds] hwnd=0x100E2 iconRight=639 trayLeft=2253
2026-08-03 14:40:17.346 [INFO] [Taskbar.Bounds] hwnd=0x1012E iconRight=2660 trayLeft=5054
2026-08-03 14:40:17.863 [INFO] [Taskbar.Bounds] hwnd=0x100E2 iconRight=639 trayLeft=2253
2026-08-03 14:40:17.867 [INFO] [Taskbar.Bounds] hwnd=0x1012E iconRight=2660 trayLeft=5054
2026-08-03 14:40:18.221 [INFO] [Overlay.Click] UP skipped down=True dragged=True sinceDrag=18745718
2026-08-03 14:40:18.399 [INFO] [Taskbar.Bounds] hwnd=0x100E2 iconRight=639 trayLeft=2253
2026-08-03 14:40:18.407 [INFO] [Taskbar.Bounds] hwnd=0x1012E iconRight=2660 trayLeft=5054
2026-08-03 14:40:18.452 [INFO] [Overlay.Click] DOWN screen=(2027,1425) mode=ProcessList
2026-08-03 14:40:18.931 [INFO] [Taskbar.Bounds] hwnd=0x100E2 iconRight=639 trayLeft=2253
2026-08-03 14:40:18.936 [INFO] [Taskbar.Bounds] hwnd=0x1012E iconRight=2660 trayLeft=5054
2026-08-03 14:40:19.205 [INFO] [Overlay.Click] UP skipped down=True dragged=True sinceDrag=985
2026-08-03 14:40:19.470 [INFO] [Taskbar.Bounds] hwnd=0x100E2 iconRight=639 trayLeft=2253
2026-08-03 14:40:19.475 [INFO] [Taskbar.Bounds] hwnd=0x1012E iconRight=2660 trayLeft=5054
2026-08-03 14:40:19.998 [INFO] [Taskbar.Bounds] hwnd=0x100E2 iconRight=639 trayLeft=2253
2026-08-03 14:40:20.002 [INFO] [Taskbar.Bounds] hwnd=0x1012E iconRight=2660 trayLeft=5054
2026-08-03 14:40:20.541 [INFO] [Taskbar.Bounds] hwnd=0x100E2 iconRight=639 trayLeft=2253
2026-08-03 14:40:20.549 [INFO] [Taskbar.Bounds] hwnd=0x1012E iconRight=2660 trayLeft=5054
2026-08-03 14:40:21.052 [INFO] [Taskbar.Bounds] hwnd=0x100E2 iconRight=639 trayLeft=2253
2026-08-03 14:40:21.056 [INFO] [Taskbar.Bounds] hwnd=0x1012E iconRight=2660 trayLeft=5054
2026-08-03 14:40:21.609 [INFO] [Taskbar.Bounds] hwnd=0x100E2 iconRight=639 trayLeft=2253
2026-08-03 14:40:21.613 [INFO] [Taskbar.Bounds] hwnd=0x1012E iconRight=2660 trayLeft=5054
2026-08-03 14:40:22.113 [INFO] [Taskbar.Bounds] hwnd=0x100E2 iconRight=639 trayLeft=2253
2026-08-03 14:40:22.119 [INFO] [Taskbar.Bounds] hwnd=0x1012E iconRight=2660 trayLeft=5054
2026-08-03 14:40:22.663 [INFO] [Taskbar.Bounds] hwnd=0x100E2 iconRight=639 trayLeft=2253
2026-08-03 14:40:22.669 [INFO] [Taskbar.Bounds] hwnd=0x1012E iconRight=2660 trayLeft=5054
2026-08-03 14:40:22.984 [INFO] [Overlay.Click] DOWN screen=(2006,1414) mode=ProcessList
2026-08-03 14:40:23.198 [INFO] [Taskbar.Bounds] hwnd=0x100E2 iconRight=639 trayLeft=2253
2026-08-03 14:40:23.202 [INFO] [Taskbar.Bounds] hwnd=0x1012E iconRight=2660 trayLeft=5054
2026-08-03 14:40:23.716 [INFO] [Taskbar.Bounds] hwnd=0x100E2 iconRight=639 trayLeft=2253
2026-08-03 14:40:23.721 [INFO] [Taskbar.Bounds] hwnd=0x1012E iconRight=2660 trayLeft=5054
2026-08-03 14:40:23.894 [INFO] [Overlay.Click] UP skipped down=True dragged=True sinceDrag=4687
2026-08-03 14:40:24.240 [INFO] [Taskbar.Bounds] hwnd=0x100E2 iconRight=639 trayLeft=2253
2026-08-03 14:40:24.246 [INFO] [Taskbar.Bounds] hwnd=0x1012E iconRight=2660 trayLeft=5054
2026-08-03 14:40:24.767 [INFO] [Taskbar.Bounds] hwnd=0x100E2 iconRight=639 trayLeft=2253
2026-08-03 14:40:24.771 [INFO] [Taskbar.Bounds] hwnd=0x1012E iconRight=2660 trayLeft=5054
2026-08-03 14:40:25.296 [INFO] [Taskbar.Bounds] hwnd=0x100E2 iconRight=639 trayLeft=2253
2026-08-03 14:40:25.302 [INFO] [Taskbar.Bounds] hwnd=0x1012E iconRight=2660 trayLeft=5054
2026-08-03 14:40:25.819 [INFO] [Taskbar.Bounds] hwnd=0x100E2 iconRight=639 trayLeft=2253
2026-08-03 14:40:25.823 [INFO] [Taskbar.Bounds] hwnd=0x1012E iconRight=2660 trayLeft=5054
2026-08-03 14:40:26.349 [INFO] [Taskbar.Bounds] hwnd=0x100E2 iconRight=639 trayLeft=2253
2026-08-03 14:40:26.353 [INFO] [Taskbar.Bounds] hwnd=0x1012E iconRight=2660 trayLeft=5054
2026-08-03 14:40:26.889 [INFO] [Taskbar.Bounds] hwnd=0x100E2 iconRight=639 trayLeft=2253
2026-08-03 14:40:26.893 [INFO] [Taskbar.Bounds] hwnd=0x1012E iconRight=2660 trayLeft=5054
2026-08-03 14:40:27.429 [INFO] [Taskbar.Bounds] hwnd=0x100E2 iconRight=639 trayLeft=2253
2026-08-03 14:40:27.434 [INFO] [Taskbar.Bounds] hwnd=0x1012E iconRight=2660 trayLeft=5054
2026-08-03 14:40:27.615 [INFO] [Overlay.Click] DOWN screen=(2153,1416) mode=ProcessList
2026-08-03 14:40:27.968 [INFO] [Taskbar.Bounds] hwnd=0x100E2 iconRight=639 trayLeft=2253
2026-08-03 14:40:27.975 [INFO] [Taskbar.Bounds] hwnd=0x1012E iconRight=2660 trayLeft=5054
2026-08-03 14:40:28.173 [INFO] [Overlay.Click] UP skipped down=True dragged=True sinceDrag=4281
2026-08-03 14:40:28.498 [INFO] [Taskbar.Bounds] hwnd=0x100E2 iconRight=639 trayLeft=2253
2026-08-03 14:40:28.503 [INFO] [Taskbar.Bounds] hwnd=0x1012E iconRight=2660 trayLeft=5054
2026-08-03 14:40:29.021 [INFO] [Taskbar.Bounds] hwnd=0x100E2 iconRight=639 trayLeft=2253
2026-08-03 14:40:29.026 [INFO] [Taskbar.Bounds] hwnd=0x1012E iconRight=2660 trayLeft=5054
2026-08-03 14:40:29.549 [INFO] [Taskbar.Bounds] hwnd=0x100E2 iconRight=639 trayLeft=2253
2026-08-03 14:40:29.556 [INFO] [Taskbar.Bounds] hwnd=0x1012E iconRight=2660 trayLeft=5054
2026-08-03 14:40:30.080 [INFO] [Taskbar.Bounds] hwnd=0x100E2 iconRight=639 trayLeft=2253
2026-08-03 14:40:30.087 [INFO] [Taskbar.Bounds] hwnd=0x1012E iconRight=2660 trayLeft=5054
2026-08-03 14:40:30.613 [INFO] [Taskbar.Bounds] hwnd=0x100E2 iconRight=639 trayLeft=2253
2026-08-03 14:40:30.617 [INFO] [Taskbar.Bounds] hwnd=0x1012E iconRight=2660 trayLeft=5054
2026-08-03 14:40:31.134 [INFO] [Taskbar.Bounds] hwnd=0x100E2 iconRight=639 trayLeft=2253
2026-08-03 14:40:31.139 [INFO] [Taskbar.Bounds] hwnd=0x1012E iconRight=2660 trayLeft=5054
2026-08-03 14:40:31.672 [INFO] [Taskbar.Bounds] hwnd=0x100E2 iconRight=639 trayLeft=2253
2026-08-03 14:40:31.676 [INFO] [Taskbar.Bounds] hwnd=0x1012E iconRight=2660 trayLeft=5054
2026-08-03 14:40:32.210 [INFO] [Taskbar.Bounds] hwnd=0x100E2 iconRight=639 trayLeft=2253
2026-08-03 14:40:32.214 [INFO] [Taskbar.Bounds] hwnd=0x1012E iconRight=2660 trayLeft=5054
2026-08-03 14:40:32.752 [INFO] [Taskbar.Bounds] hwnd=0x100E2 iconRight=639 trayLeft=2253
2026-08-03 14:40:32.757 [INFO] [Taskbar.Bounds] hwnd=0x1012E iconRight=2660 trayLeft=5054
2026-08-03 14:40:33.269 [INFO] [Taskbar.Bounds] hwnd=0x100E2 iconRight=639 trayLeft=2253
2026-08-03 14:40:33.273 [INFO] [Taskbar.Bounds] hwnd=0x1012E iconRight=2660 trayLeft=5054
2026-08-03 14:40:33.798 [INFO] [Taskbar.Bounds] hwnd=0x100E2 iconRight=639 trayLeft=2253
2026-08-03 14:40:33.802 [INFO] [Taskbar.Bounds] hwnd=0x1012E iconRight=2660 trayLeft=5054
2026-08-03 14:40:34.334 [INFO] [Taskbar.Bounds] hwnd=0x100E2 iconRight=639 trayLeft=2253
2026-08-03 14:40:34.339 [INFO] [Taskbar.Bounds] hwnd=0x1012E iconRight=2660 trayLeft=5054
2026-08-03 14:40:34.869 [INFO] [Taskbar.Bounds] hwnd=0x100E2 iconRight=639 trayLeft=2253
2026-08-03 14:40:34.875 [INFO] [Taskbar.Bounds] hwnd=0x1012E iconRight=2660 trayLeft=5054
2026-08-03 14:40:35.401 [INFO] [Taskbar.Bounds] hwnd=0x100E2 iconRight=639 trayLeft=2253
2026-08-03 14:40:35.406 [INFO] [Taskbar.Bounds] hwnd=0x1012E iconRight=2660 trayLeft=5054
2026-08-03 14:40:35.922 [INFO] [Taskbar.Bounds] hwnd=0x100E2 iconRight=639 trayLeft=2253
2026-08-03 14:40:35.926 [INFO] [Taskbar.Bounds] hwnd=0x1012E iconRight=2660 trayLeft=5054
2026-08-03 14:40:36.459 [INFO] [Taskbar.Bounds] hwnd=0x100E2 iconRight=639 trayLeft=2253
2026-08-03 14:40:36.464 [INFO] [Taskbar.Bounds] hwnd=0x1012E iconRight=2660 trayLeft=5054
2026-08-03 14:40:36.989 [INFO] [Taskbar.Bounds] hwnd=0x100E2 iconRight=639 trayLeft=2253
2026-08-03 14:40:36.994 [INFO] [Taskbar.Bounds] hwnd=0x1012E iconRight=2660 trayLeft=5054
2026-08-03 14:40:37.516 [INFO] [Taskbar.Bounds] hwnd=0x100E2 iconRight=639 trayLeft=2253
2026-08-03 14:40:37.520 [INFO] [Taskbar.Bounds] hwnd=0x1012E iconRight=2660 trayLeft=5054
2026-08-03 14:40:38.051 [INFO] [Taskbar.Bounds] hwnd=0x100E2 iconRight=639 trayLeft=2253
2026-08-03 14:40:38.055 [INFO] [Taskbar.Bounds] hwnd=0x1012E iconRight=2660 trayLeft=5054
2026-08-03 14:40:38.586 [INFO] [Taskbar.Bounds] hwnd=0x100E2 iconRight=639 trayLeft=2253
2026-08-03 14:40:38.593 [INFO] [Taskbar.Bounds] hwnd=0x1012E iconRight=2660 trayLeft=5054
2026-08-03 14:40:39.109 [INFO] [Taskbar.Bounds] hwnd=0x100E2 iconRight=639 trayLeft=2253
2026-08-03 14:40:39.114 [INFO] [Taskbar.Bounds] hwnd=0x1012E iconRight=2660 trayLeft=5054
2026-08-03 14:40:39.637 [INFO] [Taskbar.Bounds] hwnd=0x100E2 iconRight=639 trayLeft=2253
2026-08-03 14:40:39.641 [INFO] [Taskbar.Bounds] hwnd=0x1012E iconRight=2660 trayLeft=5054
2026-08-03 14:40:40.170 [INFO] [Taskbar.Bounds] hwnd=0x100E2 iconRight=639 trayLeft=2253
2026-08-03 14:40:40.174 [INFO] [Taskbar.Bounds] hwnd=0x1012E iconRight=2660 trayLeft=5054
2026-08-03 14:40:40.703 [INFO] [Taskbar.Bounds] hwnd=0x100E2 iconRight=639 trayLeft=2253
2026-08-03 14:40:40.707 [INFO] [Taskbar.Bounds] hwnd=0x1012E iconRight=2660 trayLeft=5054
2026-08-03 14:40:41.249 [INFO] [Taskbar.Bounds] hwnd=0x100E2 iconRight=639 trayLeft=2253
2026-08-03 14:40:41.253 [INFO] [Taskbar.Bounds] hwnd=0x1012E iconRight=2660 trayLeft=5054
2026-08-03 14:40:41.768 [INFO] [Taskbar.Bounds] hwnd=0x100E2 iconRight=639 trayLeft=2253
2026-08-03 14:40:41.774 [INFO] [Taskbar.Bounds] hwnd=0x1012E iconRight=2660 trayLeft=5054
2026-08-03 14:40:42.292 [INFO] [Taskbar.Bounds] hwnd=0x100E2 iconRight=639 trayLeft=2253
2026-08-03 14:40:42.295 [INFO] [Taskbar.Bounds] hwnd=0x1012E iconRight=2660 trayLeft=5054
2026-08-03 14:40:42.838 [INFO] [Taskbar.Bounds] hwnd=0x100E2 iconRight=639 trayLeft=2253
2026-08-03 14:40:42.843 [INFO] [Taskbar.Bounds] hwnd=0x1012E iconRight=2660 trayLeft=5054
2026-08-03 14:40:43.351 [INFO] [Taskbar.Bounds] hwnd=0x100E2 iconRight=639 trayLeft=2253
2026-08-03 14:40:43.356 [INFO] [Taskbar.Bounds] hwnd=0x1012E iconRight=2660 trayLeft=5054
2026-08-03 14:40:43.884 [INFO] [Taskbar.Bounds] hwnd=0x100E2 iconRight=639 trayLeft=2253
2026-08-03 14:40:43.889 [INFO] [Taskbar.Bounds] hwnd=0x1012E iconRight=2660 trayLeft=5054
2026-08-03 14:40:44.412 [INFO] [Taskbar.Bounds] hwnd=0x100E2 iconRight=639 trayLeft=2253
2026-08-03 14:40:44.416 [INFO] [Taskbar.Bounds] hwnd=0x1012E iconRight=2660 trayLeft=5054
2026-08-03 14:40:44.956 [INFO] [Taskbar.Bounds] hwnd=0x100E2 iconRight=639 trayLeft=2253
2026-08-03 14:40:44.961 [INFO] [Taskbar.Bounds] hwnd=0x1012E iconRight=2660 trayLeft=5054
2026-08-03 14:40:45.489 [INFO] [Taskbar.Bounds] hwnd=0x100E2 iconRight=639 trayLeft=2253
2026-08-03 14:40:45.493 [INFO] [Taskbar.Bounds] hwnd=0x1012E iconRight=2660 trayLeft=5054
2026-08-03 14:40:46.021 [INFO] [Taskbar.Bounds] hwnd=0x100E2 iconRight=639 trayLeft=2253
2026-08-03 14:40:46.026 [INFO] [Taskbar.Bounds] hwnd=0x1012E iconRight=2660 trayLeft=5054
2026-08-03 14:40:46.545 [INFO] [Taskbar.Bounds] hwnd=0x100E2 iconRight=639 trayLeft=2253
2026-08-03 14:40:46.549 [INFO] [Taskbar.Bounds] hwnd=0x1012E iconRight=2660 trayLeft=5054
2026-08-03 14:40:47.077 [INFO] [Taskbar.Bounds] hwnd=0x100E2 iconRight=639 trayLeft=2253
2026-08-03 14:40:47.082 [INFO] [Taskbar.Bounds] hwnd=0x1012E iconRight=2660 trayLeft=5054
2026-08-03 14:40:47.610 [INFO] [Taskbar.Bounds] hwnd=0x100E2 iconRight=639 trayLeft=2253
2026-08-03 14:40:47.615 [INFO] [Taskbar.Bounds] hwnd=0x1012E iconRight=2660 trayLeft=5054
2026-08-03 14:40:48.151 [INFO] [Taskbar.Bounds] hwnd=0x100E2 iconRight=639 trayLeft=2253
2026-08-03 14:40:48.155 [INFO] [Taskbar.Bounds] hwnd=0x1012E iconRight=2660 trayLeft=5054
2026-08-03 14:40:48.669 [INFO] [Taskbar.Bounds] hwnd=0x100E2 iconRight=639 trayLeft=2253
2026-08-03 14:40:48.674 [INFO] [Taskbar.Bounds] hwnd=0x1012E iconRight=2660 trayLeft=5054
2026-08-03 14:40:49.196 [INFO] [Taskbar.Bounds] hwnd=0x100E2 iconRight=639 trayLeft=2253
2026-08-03 14:40:49.200 [INFO] [Taskbar.Bounds] hwnd=0x1012E iconRight=2660 trayLeft=5054
2026-08-03 14:40:49.736 [INFO] [Taskbar.Bounds] hwnd=0x100E2 iconRight=639 trayLeft=2253
2026-08-03 14:40:49.743 [INFO] [Taskbar.Bounds] hwnd=0x1012E iconRight=2660 trayLeft=5054
2026-08-03 14:40:50.260 [INFO] [Taskbar.Bounds] hwnd=0x100E2 iconRight=639 trayLeft=2253
2026-08-03 14:40:50.265 [INFO] [Taskbar.Bounds] hwnd=0x1012E iconRight=2660 trayLeft=5054
2026-08-03 14:40:50.802 [INFO] [Taskbar.Bounds] hwnd=0x100E2 iconRight=639 trayLeft=2253
2026-08-03 14:40:50.807 [INFO] [Taskbar.Bounds] hwnd=0x1012E iconRight=2660 trayLeft=5054
2026-08-03 14:40:51.336 [INFO] [Taskbar.Bounds] hwnd=0x100E2 iconRight=639 trayLeft=2253
2026-08-03 14:40:51.341 [INFO] [Taskbar.Bounds] hwnd=0x1012E iconRight=2660 trayLeft=5054
2026-08-03 14:40:51.875 [INFO] [Taskbar.Bounds] hwnd=0x100E2 iconRight=639 trayLeft=2253
2026-08-03 14:40:51.879 [INFO] [Taskbar.Bounds] hwnd=0x1012E iconRight=2660 trayLeft=5054
2026-08-03 14:40:52.385 [INFO] [Taskbar.Bounds] hwnd=0x100E2 iconRight=639 trayLeft=2253
2026-08-03 14:40:52.389 [INFO] [Taskbar.Bounds] hwnd=0x1012E iconRight=2660 trayLeft=5054
2026-08-03 14:40:52.944 [INFO] [Taskbar.Bounds] hwnd=0x100E2 iconRight=639 trayLeft=2253
2026-08-03 14:40:52.948 [INFO] [Taskbar.Bounds] hwnd=0x1012E iconRight=2660 trayLeft=5054
2026-08-03 14:40:53.457 [INFO] [Taskbar.Bounds] hwnd=0x100E2 iconRight=639 trayLeft=2253
2026-08-03 14:40:53.464 [INFO] [Taskbar.Bounds] hwnd=0x1012E iconRight=2660 trayLeft=5054
2026-08-03 14:40:53.989 [INFO] [Taskbar.Bounds] hwnd=0x100E2 iconRight=639 trayLeft=2253
2026-08-03 14:40:53.995 [INFO] [Taskbar.Bounds] hwnd=0x1012E iconRight=2660 trayLeft=5054
2026-08-03 14:40:54.529 [INFO] [Taskbar.Bounds] hwnd=0x100E2 iconRight=639 trayLeft=2253
2026-08-03 14:40:54.533 [INFO] [Taskbar.Bounds] hwnd=0x1012E iconRight=2660 trayLeft=5054
2026-08-03 14:40:55.050 [INFO] [Taskbar.Bounds] hwnd=0x100E2 iconRight=639 trayLeft=2253
2026-08-03 14:40:55.055 [INFO] [Taskbar.Bounds] hwnd=0x1012E iconRight=2660 trayLeft=5054
2026-08-03 14:40:55.585 [INFO] [Taskbar.Bounds] hwnd=0x100E2 iconRight=639 trayLeft=2253
2026-08-03 14:40:55.589 [INFO] [Taskbar.Bounds] hwnd=0x1012E iconRight=2660 trayLeft=5054
2026-08-03 14:40:56.112 [INFO] [Taskbar.Bounds] hwnd=0x100E2 iconRight=639 trayLeft=2253
2026-08-03 14:40:56.117 [INFO] [Taskbar.Bounds] hwnd=0x1012E iconRight=2660 trayLeft=5054
2026-08-03 14:40:56.640 [INFO] [Taskbar.Bounds] hwnd=0x100E2 iconRight=639 trayLeft=2253
2026-08-03 14:40:56.644 [INFO] [Taskbar.Bounds] hwnd=0x1012E iconRight=2660 trayLeft=5054
2026-08-03 14:40:57.168 [INFO] [Taskbar.Bounds] hwnd=0x100E2 iconRight=639 trayLeft=2253
2026-08-03 14:40:57.172 [INFO] [Taskbar.Bounds] hwnd=0x1012E iconRight=2660 trayLeft=5054
2026-08-03 14:40:57.697 [INFO] [Taskbar.Bounds] hwnd=0x100E2 iconRight=639 trayLeft=2253
2026-08-03 14:40:57.702 [INFO] [Taskbar.Bounds] hwnd=0x1012E iconRight=2660 trayLeft=5054
2026-08-03 14:40:58.264 [INFO] [Taskbar.Bounds] hwnd=0x100E2 iconRight=639 trayLeft=2253
2026-08-03 14:40:58.269 [INFO] [Taskbar.Bounds] hwnd=0x1012E iconRight=2660 trayLeft=5054
2026-08-03 14:40:58.758 [INFO] [Taskbar.Bounds] hwnd=0x100E2 iconRight=639 trayLeft=2253
2026-08-03 14:40:58.762 [INFO] [Taskbar.Bounds] hwnd=0x1012E iconRight=2660 trayLeft=5054
2026-08-03 14:40:59.290 [INFO] [Taskbar.Bounds] hwnd=0x100E2 iconRight=639 trayLeft=2253
2026-08-03 14:40:59.294 [INFO] [Taskbar.Bounds] hwnd=0x1012E iconRight=2660 trayLeft=5054
2026-08-03 14:40:59.823 [INFO] [Taskbar.Bounds] hwnd=0x100E2 iconRight=639 trayLeft=2253
2026-08-03 14:40:59.827 [INFO] [Taskbar.Bounds] hwnd=0x1012E iconRight=2660 trayLeft=5054
2026-08-03 14:41:00.357 [INFO] [Taskbar.Bounds] hwnd=0x100E2 iconRight=639 trayLeft=2253
2026-08-03 14:41:00.360 [INFO] [Taskbar.Bounds] hwnd=0x1012E iconRight=2660 trayLeft=5054
2026-08-03 14:41:00.891 [INFO] [Taskbar.Bounds] hwnd=0x100E2 iconRight=639 trayLeft=2253
2026-08-03 14:41:00.895 [INFO] [Taskbar.Bounds] hwnd=0x1012E iconRight=2660 trayLeft=5054
2026-08-03 14:41:01.420 [INFO] [Taskbar.Bounds] hwnd=0x100E2 iconRight=639 trayLeft=2253
2026-08-03 14:41:01.424 [INFO] [Taskbar.Bounds] hwnd=0x1012E iconRight=2660 trayLeft=5054
2026-08-03 14:41:01.946 [INFO] [Taskbar.Bounds] hwnd=0x100E2 iconRight=639 trayLeft=2253
2026-08-03 14:41:01.951 [INFO] [Taskbar.Bounds] hwnd=0x1012E iconRight=2660 trayLeft=5054
2026-08-03 14:41:02.486 [INFO] [Taskbar.Bounds] hwnd=0x100E2 iconRight=639 trayLeft=2253
2026-08-03 14:41:02.490 [INFO] [Taskbar.Bounds] hwnd=0x1012E iconRight=2660 trayLeft=5054
2026-08-03 14:41:03.027 [INFO] [Taskbar.Bounds] hwnd=0x100E2 iconRight=639 trayLeft=2253
2026-08-03 14:41:03.031 [INFO] [Taskbar.Bounds] hwnd=0x1012E iconRight=2660 trayLeft=5054
2026-08-03 14:41:03.549 [INFO] [Taskbar.Bounds] hwnd=0x100E2 iconRight=639 trayLeft=2253
2026-08-03 14:41:03.554 [INFO] [Taskbar.Bounds] hwnd=0x1012E iconRight=2660 trayLeft=5054
2026-08-03 14:41:04.085 [INFO] [Taskbar.Bounds] hwnd=0x100E2 iconRight=639 trayLeft=2253
2026-08-03 14:41:04.091 [INFO] [Taskbar.Bounds] hwnd=0x1012E iconRight=2660 trayLeft=5054
2026-08-03 14:41:04.611 [INFO] [Taskbar.Bounds] hwnd=0x100E2 iconRight=639 trayLeft=2253
2026-08-03 14:41:04.616 [INFO] [Taskbar.Bounds] hwnd=0x1012E iconRight=2660 trayLeft=5054
2026-08-03 14:41:05.138 [INFO] [Taskbar.Bounds] hwnd=0x100E2 iconRight=639 trayLeft=2253
2026-08-03 14:41:05.144 [INFO] [Taskbar.Bounds] hwnd=0x1012E iconRight=2660 trayLeft=5054
2026-08-03 14:41:05.676 [INFO] [Taskbar.Bounds] hwnd=0x100E2 iconRight=639 trayLeft=2253
2026-08-03 14:41:05.680 [INFO] [Taskbar.Bounds] hwnd=0x1012E iconRight=2660 trayLeft=5054
2026-08-03 14:41:06.197 [INFO] [Taskbar.Bounds] hwnd=0x100E2 iconRight=639 trayLeft=2253
2026-08-03 14:41:06.201 [INFO] [Taskbar.Bounds] hwnd=0x1012E iconRight=2660 trayLeft=5054
2026-08-03 14:41:06.735 [INFO] [Taskbar.Bounds] hwnd=0x100E2 iconRight=639 trayLeft=2253
2026-08-03 14:41:06.741 [INFO] [Taskbar.Bounds] hwnd=0x1012E iconRight=2660 trayLeft=5054
2026-08-03 14:41:07.262 [INFO] [Taskbar.Bounds] hwnd=0x100E2 iconRight=639 trayLeft=2253
2026-08-03 14:41:07.266 [INFO] [Taskbar.Bounds] hwnd=0x1012E iconRight=2660 trayLeft=5054
2026-08-03 14:41:07.793 [INFO] [Taskbar.Bounds] hwnd=0x100E2 iconRight=639 trayLeft=2253
2026-08-03 14:41:07.798 [INFO] [Taskbar.Bounds] hwnd=0x1012E iconRight=2660 trayLeft=5054
2026-08-03 14:41:08.336 [INFO] [Taskbar.Bounds] hwnd=0x100E2 iconRight=639 trayLeft=2253
2026-08-03 14:41:08.342 [INFO] [Taskbar.Bounds] hwnd=0x1012E iconRight=2660 trayLeft=5054
2026-08-03 14:41:08.853 [INFO] [Taskbar.Bounds] hwnd=0x100E2 iconRight=639 trayLeft=2253
2026-08-03 14:41:08.856 [INFO] [Taskbar.Bounds] hwnd=0x1012E iconRight=2660 trayLeft=5054
2026-08-03 14:41:09.386 [INFO] [Taskbar.Bounds] hwnd=0x100E2 iconRight=639 trayLeft=2253
2026-08-03 14:41:09.390 [INFO] [Taskbar.Bounds] hwnd=0x1012E iconRight=2660 trayLeft=5054
2026-08-03 14:41:09.917 [INFO] [Taskbar.Bounds] hwnd=0x100E2 iconRight=639 trayLeft=2253
2026-08-03 14:41:09.920 [INFO] [Taskbar.Bounds] hwnd=0x1012E iconRight=2660 trayLeft=5054
2026-08-03 14:41:10.465 [INFO] [Taskbar.Bounds] hwnd=0x100E2 iconRight=639 trayLeft=2253
2026-08-03 14:41:10.469 [INFO] [Taskbar.Bounds] hwnd=0x1012E iconRight=2660 trayLeft=5054
2026-08-03 14:41:10.997 [INFO] [Taskbar.Bounds] hwnd=0x100E2 iconRight=639 trayLeft=2253
2026-08-03 14:41:11.000 [INFO] [Taskbar.Bounds] hwnd=0x1012E iconRight=2660 trayLeft=5054
2026-08-03 14:41:11.515 [INFO] [Taskbar.Bounds] hwnd=0x100E2 iconRight=639 trayLeft=2253
2026-08-03 14:41:11.519 [INFO] [Taskbar.Bounds] hwnd=0x1012E iconRight=2660 trayLeft=5054
2026-08-03 14:41:12.046 [INFO] [Taskbar.Bounds] hwnd=0x100E2 iconRight=639 trayLeft=2253
2026-08-03 14:41:12.051 [INFO] [Taskbar.Bounds] hwnd=0x1012E iconRight=2660 trayLeft=5054
2026-08-03 14:41:12.586 [INFO] [Taskbar.Bounds] hwnd=0x100E2 iconRight=639 trayLeft=2253
2026-08-03 14:41:12.590 [INFO] [Taskbar.Bounds] hwnd=0x1012E iconRight=2660 trayLeft=5054
2026-08-03 14:41:13.109 [INFO] [Taskbar.Bounds] hwnd=0x100E2 iconRight=639 trayLeft=2253
2026-08-03 14:41:13.114 [INFO] [Taskbar.Bounds] hwnd=0x1012E iconRight=2660 trayLeft=5054
2026-08-03 14:41:13.641 [INFO] [Taskbar.Bounds] hwnd=0x100E2 iconRight=639 trayLeft=2253
2026-08-03 14:41:13.645 [INFO] [Taskbar.Bounds] hwnd=0x1012E iconRight=2660 trayLeft=5054
2026-08-03 14:41:14.181 [INFO] [Taskbar.Bounds] hwnd=0x100E2 iconRight=639 trayLeft=2253
2026-08-03 14:41:14.186 [INFO] [Taskbar.Bounds] hwnd=0x1012E iconRight=2660 trayLeft=5054
2026-08-03 14:41:14.713 [INFO] [Taskbar.Bounds] hwnd=0x100E2 iconRight=639 trayLeft=2253
2026-08-03 14:41:14.717 [INFO] [Taskbar.Bounds] hwnd=0x1012E iconRight=2660 trayLeft=5054
2026-08-03 14:41:15.235 [INFO] [Taskbar.Bounds] hwnd=0x100E2 iconRight=639 trayLeft=2253
2026-08-03 14:41:15.240 [INFO] [Taskbar.Bounds] hwnd=0x1012E iconRight=2660 trayLeft=5054
2026-08-03 14:41:15.779 [INFO] [Taskbar.Bounds] hwnd=0x100E2 iconRight=639 trayLeft=2253
2026-08-03 14:41:15.786 [INFO] [Taskbar.Bounds] hwnd=0x1012E iconRight=2660 trayLeft=5054
2026-08-03 14:41:16.299 [INFO] [Taskbar.Bounds] hwnd=0x100E2 iconRight=639 trayLeft=2253
2026-08-03 14:41:16.304 [INFO] [Taskbar.Bounds] hwnd=0x1012E iconRight=2660 trayLeft=5054
2026-08-03 14:41:16.828 [INFO] [Taskbar.Bounds] hwnd=0x100E2 iconRight=639 trayLeft=2253
2026-08-03 14:41:16.832 [INFO] [Taskbar.Bounds] hwnd=0x1012E iconRight=2660 trayLeft=5054
2026-08-03 14:41:17.362 [INFO] [Taskbar.Bounds] hwnd=0x100E2 iconRight=639 trayLeft=2253
2026-08-03 14:41:17.367 [INFO] [Taskbar.Bounds] hwnd=0x1012E iconRight=2660 trayLeft=5054
2026-08-03 14:41:17.889 [INFO] [Taskbar.Bounds] hwnd=0x100E2 iconRight=639 trayLeft=2253
2026-08-03 14:41:17.893 [INFO] [Taskbar.Bounds] hwnd=0x1012E iconRight=2660 trayLeft=5054
2026-08-03 14:41:18.438 [INFO] [Taskbar.Bounds] hwnd=0x100E2 iconRight=639 trayLeft=2253
2026-08-03 14:41:18.443 [INFO] [Taskbar.Bounds] hwnd=0x1012E iconRight=2660 trayLeft=5054
2026-08-03 14:41:18.961 [INFO] [Taskbar.Bounds] hwnd=0x100E2 iconRight=639 trayLeft=2253
2026-08-03 14:41:18.964 [INFO] [Taskbar.Bounds] hwnd=0x1012E iconRight=2660 trayLeft=5054
2026-08-03 14:41:19.499 [INFO] [Taskbar.Bounds] hwnd=0x100E2 iconRight=639 trayLeft=2253
2026-08-03 14:41:19.505 [INFO] [Taskbar.Bounds] hwnd=0x1012E iconRight=2660 trayLeft=5054
2026-08-03 14:41:20.025 [INFO] [Taskbar.Bounds] hwnd=0x100E2 iconRight=639 trayLeft=2253
2026-08-03 14:41:20.030 [INFO] [Taskbar.Bounds] hwnd=0x1012E iconRight=2660 trayLeft=5054
2026-08-03 14:41:20.565 [INFO] [Taskbar.Bounds] hwnd=0x100E2 iconRight=639 trayLeft=2253
2026-08-03 14:41:20.571 [INFO] [Taskbar.Bounds] hwnd=0x1012E iconRight=2660 trayLeft=5054
2026-08-03 14:41:21.091 [INFO] [Taskbar.Bounds] hwnd=0x100E2 iconRight=639 trayLeft=2253
2026-08-03 14:41:21.096 [INFO] [Taskbar.Bounds] hwnd=0x1012E iconRight=2660 trayLeft=5054
2026-08-03 14:41:21.608 [INFO] [Taskbar.Bounds] hwnd=0x100E2 iconRight=639 trayLeft=2253
2026-08-03 14:41:21.613 [INFO] [Taskbar.Bounds] hwnd=0x1012E iconRight=2660 trayLeft=5054
2026-08-03 14:41:22.141 [INFO] [Taskbar.Bounds] hwnd=0x100E2 iconRight=639 trayLeft=2253
2026-08-03 14:41:22.146 [INFO] [Taskbar.Bounds] hwnd=0x1012E iconRight=2660 trayLeft=5054
2026-08-03 14:41:22.679 [INFO] [Taskbar.Bounds] hwnd=0x100E2 iconRight=639 trayLeft=2253
2026-08-03 14:41:22.682 [INFO] [Taskbar.Bounds] hwnd=0x1012E iconRight=2660 trayLeft=5054
2026-08-03 14:41:23.207 [INFO] [Taskbar.Bounds] hwnd=0x100E2 iconRight=639 trayLeft=2253
2026-08-03 14:41:23.212 [INFO] [Taskbar.Bounds] hwnd=0x1012E iconRight=2660 trayLeft=5054
2026-08-03 14:41:23.740 [INFO] [Taskbar.Bounds] hwnd=0x100E2 iconRight=639 trayLeft=2253
2026-08-03 14:41:23.747 [INFO] [Taskbar.Bounds] hwnd=0x1012E iconRight=2660 trayLeft=5054
2026-08-03 14:41:24.266 [INFO] [Taskbar.Bounds] hwnd=0x100E2 iconRight=639 trayLeft=2253
2026-08-03 14:41:24.270 [INFO] [Taskbar.Bounds] hwnd=0x1012E iconRight=2660 trayLeft=5054
2026-08-03 14:41:24.798 [INFO] [Taskbar.Bounds] hwnd=0x100E2 iconRight=639 trayLeft=2253
2026-08-03 14:41:24.802 [INFO] [Taskbar.Bounds] hwnd=0x1012E iconRight=2660 trayLeft=5054
2026-08-03 14:41:25.331 [INFO] [Taskbar.Bounds] hwnd=0x100E2 iconRight=639 trayLeft=2253
2026-08-03 14:41:25.335 [INFO] [Taskbar.Bounds] hwnd=0x1012E iconRight=2660 trayLeft=5054
2026-08-03 14:41:25.859 [INFO] [Taskbar.Bounds] hwnd=0x100E2 iconRight=639 trayLeft=2253
2026-08-03 14:41:25.865 [INFO] [Taskbar.Bounds] hwnd=0x1012E iconRight=2660 trayLeft=5054
2026-08-03 14:41:26.393 [INFO] [Taskbar.Bounds] hwnd=0x100E2 iconRight=639 trayLeft=2253
2026-08-03 14:41:26.399 [INFO] [Taskbar.Bounds] hwnd=0x1012E iconRight=2660 trayLeft=5054
2026-08-03 14:41:26.919 [INFO] [Taskbar.Bounds] hwnd=0x100E2 iconRight=639 trayLeft=2253
2026-08-03 14:41:26.923 [INFO] [Taskbar.Bounds] hwnd=0x1012E iconRight=2660 trayLeft=5054
2026-08-03 14:41:27.452 [INFO] [Taskbar.Bounds] hwnd=0x100E2 iconRight=639 trayLeft=2253
2026-08-03 14:41:27.457 [INFO] [Taskbar.Bounds] hwnd=0x1012E iconRight=2660 trayLeft=5054
2026-08-03 14:41:27.986 [INFO] [Taskbar.Bounds] hwnd=0x100E2 iconRight=639 trayLeft=2253
2026-08-03 14:41:27.990 [INFO] [Taskbar.Bounds] hwnd=0x1012E iconRight=2660 trayLeft=5054
2026-08-03 14:41:28.511 [INFO] [Taskbar.Bounds] hwnd=0x100E2 iconRight=639 trayLeft=2253
2026-08-03 14:41:28.516 [INFO] [Taskbar.Bounds] hwnd=0x1012E iconRight=2660 trayLeft=5054
2026-08-03 14:41:29.042 [INFO] [Taskbar.Bounds] hwnd=0x100E2 iconRight=639 trayLeft=2253
2026-08-03 14:41:29.046 [INFO] [Taskbar.Bounds] hwnd=0x1012E iconRight=2660 trayLeft=5054
2026-08-03 14:41:29.576 [INFO] [Taskbar.Bounds] hwnd=0x100E2 iconRight=639 trayLeft=2253
2026-08-03 14:41:29.580 [INFO] [Taskbar.Bounds] hwnd=0x1012E iconRight=2660 trayLeft=5054
2026-08-03 14:41:30.116 [INFO] [Taskbar.Bounds] hwnd=0x100E2 iconRight=639 trayLeft=2253
2026-08-03 14:41:30.120 [INFO] [Taskbar.Bounds] hwnd=0x1012E iconRight=2660 trayLeft=5054
2026-08-03 14:41:30.646 [INFO] [Taskbar.Bounds] hwnd=0x100E2 iconRight=639 trayLeft=2253
2026-08-03 14:41:30.650 [INFO] [Taskbar.Bounds] hwnd=0x1012E iconRight=2660 trayLeft=5054
2026-08-03 14:41:31.176 [INFO] [Taskbar.Bounds] hwnd=0x100E2 iconRight=639 trayLeft=2253
2026-08-03 14:41:31.179 [INFO] [Taskbar.Bounds] hwnd=0x1012E iconRight=2660 trayLeft=5054
2026-08-03 14:41:31.706 [INFO] [Taskbar.Bounds] hwnd=0x100E2 iconRight=639 trayLeft=2253
2026-08-03 14:41:31.712 [INFO] [Taskbar.Bounds] hwnd=0x1012E iconRight=2660 trayLeft=5054
2026-08-03 14:41:32.232 [INFO] [Taskbar.Bounds] hwnd=0x100E2 iconRight=639 trayLeft=2253
2026-08-03 14:41:32.237 [INFO] [Taskbar.Bounds] hwnd=0x1012E iconRight=2660 trayLeft=5054
2026-08-03 14:41:32.760 [INFO] [Taskbar.Bounds] hwnd=0x100E2 iconRight=639 trayLeft=2253
2026-08-03 14:41:32.764 [INFO] [Taskbar.Bounds] hwnd=0x1012E iconRight=2660 trayLeft=5054
2026-08-03 14:41:33.308 [INFO] [Taskbar.Bounds] hwnd=0x100E2 iconRight=639 trayLeft=2253
2026-08-03 14:41:33.312 [INFO] [Taskbar.Bounds] hwnd=0x1012E iconRight=2660 trayLeft=5054
2026-08-03 14:41:33.841 [INFO] [Taskbar.Bounds] hwnd=0x100E2 iconRight=639 trayLeft=2253
2026-08-03 14:41:33.845 [INFO] [Taskbar.Bounds] hwnd=0x1012E iconRight=2660 trayLeft=5054
2026-08-03 14:41:34.364 [INFO] [Taskbar.Bounds] hwnd=0x100E2 iconRight=639 trayLeft=2253
2026-08-03 14:41:34.369 [INFO] [Taskbar.Bounds] hwnd=0x1012E iconRight=2660 trayLeft=5054
2026-08-03 14:41:34.889 [INFO] [Taskbar.Bounds] hwnd=0x100E2 iconRight=639 trayLeft=2253
2026-08-03 14:41:34.893 [INFO] [Taskbar.Bounds] hwnd=0x1012E iconRight=2660 trayLeft=5054
2026-08-03 14:41:35.419 [INFO] [Taskbar.Bounds] hwnd=0x100E2 iconRight=639 trayLeft=2253
2026-08-03 14:41:35.424 [INFO] [Taskbar.Bounds] hwnd=0x1012E iconRight=2660 trayLeft=5054
2026-08-03 14:41:35.949 [INFO] [Taskbar.Bounds] hwnd=0x100E2 iconRight=639 trayLeft=2253
2026-08-03 14:41:35.953 [INFO] [Taskbar.Bounds] hwnd=0x1012E iconRight=2660 trayLeft=5054
2026-08-03 14:41:36.497 [INFO] [Taskbar.Bounds] hwnd=0x100E2 iconRight=639 trayLeft=2253
2026-08-03 14:41:36.502 [INFO] [Taskbar.Bounds] hwnd=0x1012E iconRight=2660 trayLeft=5054
2026-08-03 14:41:37.009 [INFO] [Taskbar.Bounds] hwnd=0x100E2 iconRight=639 trayLeft=2253
2026-08-03 14:41:37.014 [INFO] [Taskbar.Bounds] hwnd=0x1012E iconRight=2660 trayLeft=5054
2026-08-03 14:41:37.557 [INFO] [Taskbar.Bounds] hwnd=0x100E2 iconRight=639 trayLeft=2253
2026-08-03 14:41:37.561 [INFO] [Taskbar.Bounds] hwnd=0x1012E iconRight=2660 trayLeft=5054
2026-08-03 14:41:38.084 [INFO] [Taskbar.Bounds] hwnd=0x100E2 iconRight=639 trayLeft=2253
2026-08-03 14:41:38.088 [INFO] [Taskbar.Bounds] hwnd=0x1012E iconRight=2660 trayLeft=5054
2026-08-03 14:41:38.616 [INFO] [Taskbar.Bounds] hwnd=0x100E2 iconRight=639 trayLeft=2253
2026-08-03 14:41:38.619 [INFO] [Taskbar.Bounds] hwnd=0x1012E iconRight=2660 trayLeft=5054
2026-08-03 14:41:39.148 [INFO] [Taskbar.Bounds] hwnd=0x100E2 iconRight=639 trayLeft=2253
2026-08-03 14:41:39.152 [INFO] [Taskbar.Bounds] hwnd=0x1012E iconRight=2660 trayLeft=5054
2026-08-03 14:41:39.673 [INFO] [Taskbar.Bounds] hwnd=0x100E2 iconRight=639 trayLeft=2253
2026-08-03 14:41:39.677 [INFO] [Taskbar.Bounds] hwnd=0x1012E iconRight=2660 trayLeft=5054
2026-08-03 14:41:40.199 [INFO] [Taskbar.Bounds] hwnd=0x100E2 iconRight=639 trayLeft=2253
2026-08-03 14:41:40.203 [INFO] [Taskbar.Bounds] hwnd=0x1012E iconRight=2660 trayLeft=5054
2026-08-03 14:41:40.733 [INFO] [Taskbar.Bounds] hwnd=0x100E2 iconRight=639 trayLeft=2253
2026-08-03 14:41:40.737 [INFO] [Taskbar.Bounds] hwnd=0x1012E iconRight=2660 trayLeft=5054
2026-08-03 14:41:41.265 [INFO] [Taskbar.Bounds] hwnd=0x100E2 iconRight=639 trayLeft=2253
2026-08-03 14:41:41.269 [INFO] [Taskbar.Bounds] hwnd=0x1012E iconRight=2660 trayLeft=5054
2026-08-03 14:41:41.812 [INFO] [Taskbar.Bounds] hwnd=0x100E2 iconRight=639 trayLeft=2253
2026-08-03 14:41:41.816 [INFO] [Taskbar.Bounds] hwnd=0x1012E iconRight=2660 trayLeft=5054
2026-08-03 14:41:42.330 [INFO] [Taskbar.Bounds] hwnd=0x100E2 iconRight=639 trayLeft=2253
2026-08-03 14:41:42.334 [INFO] [Taskbar.Bounds] hwnd=0x1012E iconRight=2660 trayLeft=5054
2026-08-03 14:41:42.866 [INFO] [Taskbar.Bounds] hwnd=0x100E2 iconRight=639 trayLeft=2253
2026-08-03 14:41:42.870 [INFO] [Taskbar.Bounds] hwnd=0x1012E iconRight=2660 trayLeft=5054
2026-08-03 14:41:43.388 [INFO] [Taskbar.Bounds] hwnd=0x100E2 iconRight=639 trayLeft=2253
2026-08-03 14:41:43.392 [INFO] [Taskbar.Bounds] hwnd=0x1012E iconRight=2660 trayLeft=5054
2026-08-03 14:41:43.931 [INFO] [Taskbar.Bounds] hwnd=0x100E2 iconRight=639 trayLeft=2253
2026-08-03 14:41:43.935 [INFO] [Taskbar.Bounds] hwnd=0x1012E iconRight=2660 trayLeft=5054
2026-08-03 14:41:44.455 [INFO] [Taskbar.Bounds] hwnd=0x100E2 iconRight=639 trayLeft=2253
2026-08-03 14:41:44.459 [INFO] [Taskbar.Bounds] hwnd=0x1012E iconRight=2660 trayLeft=5054
2026-08-03 14:41:44.987 [INFO] [Taskbar.Bounds] hwnd=0x100E2 iconRight=639 trayLeft=2253
2026-08-03 14:41:44.991 [INFO] [Taskbar.Bounds] hwnd=0x1012E iconRight=2660 trayLeft=5054
2026-08-03 14:41:45.520 [INFO] [Taskbar.Bounds] hwnd=0x100E2 iconRight=639 trayLeft=2253
2026-08-03 14:41:45.524 [INFO] [Taskbar.Bounds] hwnd=0x1012E iconRight=2660 trayLeft=5054
2026-08-03 14:41:46.063 [INFO] [Taskbar.Bounds] hwnd=0x100E2 iconRight=639 trayLeft=2253
2026-08-03 14:41:46.067 [INFO] [Taskbar.Bounds] hwnd=0x1012E iconRight=2660 trayLeft=5054
2026-08-03 14:41:46.585 [INFO] [Taskbar.Bounds] hwnd=0x100E2 iconRight=639 trayLeft=2253
2026-08-03 14:41:46.589 [INFO] [Taskbar.Bounds] hwnd=0x1012E iconRight=2660 trayLeft=5054
2026-08-03 14:41:47.110 [INFO] [Taskbar.Bounds] hwnd=0x100E2 iconRight=639 trayLeft=2253
2026-08-03 14:41:47.113 [INFO] [Taskbar.Bounds] hwnd=0x1012E iconRight=2660 trayLeft=5054
2026-08-03 14:41:47.639 [INFO] [Taskbar.Bounds] hwnd=0x100E2 iconRight=639 trayLeft=2253
2026-08-03 14:41:47.643 [INFO] [Taskbar.Bounds] hwnd=0x1012E iconRight=2660 trayLeft=5054
2026-08-03 14:41:48.166 [INFO] [Taskbar.Bounds] hwnd=0x100E2 iconRight=639 trayLeft=2253
2026-08-03 14:41:48.171 [INFO] [Taskbar.Bounds] hwnd=0x1012E iconRight=2660 trayLeft=5054
2026-08-03 14:41:48.707 [INFO] [Taskbar.Bounds] hwnd=0x100E2 iconRight=639 trayLeft=2253
2026-08-03 14:41:48.711 [INFO] [Taskbar.Bounds] hwnd=0x1012E iconRight=2660 trayLeft=5054
2026-08-03 14:41:49.241 [INFO] [Taskbar.Bounds] hwnd=0x100E2 iconRight=639 trayLeft=2253
2026-08-03 14:41:49.245 [INFO] [Taskbar.Bounds] hwnd=0x1012E iconRight=2660 trayLeft=5054
2026-08-03 14:41:49.763 [INFO] [Taskbar.Bounds] hwnd=0x100E2 iconRight=639 trayLeft=2253
2026-08-03 14:41:49.768 [INFO] [Taskbar.Bounds] hwnd=0x1012E iconRight=2660 trayLeft=5054
2026-08-03 14:41:50.302 [INFO] [Taskbar.Bounds] hwnd=0x100E2 iconRight=639 trayLeft=2253
2026-08-03 14:41:50.306 [INFO] [Taskbar.Bounds] hwnd=0x1012E iconRight=2660 trayLeft=5054
2026-08-03 14:41:50.831 [INFO] [Taskbar.Bounds] hwnd=0x100E2 iconRight=639 trayLeft=2253
2026-08-03 14:41:50.836 [INFO] [Taskbar.Bounds] hwnd=0x1012E iconRight=2660 trayLeft=5054
2026-08-03 14:41:51.370 [INFO] [Taskbar.Bounds] hwnd=0x100E2 iconRight=639 trayLeft=2253
2026-08-03 14:41:51.374 [INFO] [Taskbar.Bounds] hwnd=0x1012E iconRight=2660 trayLeft=5054
2026-08-03 14:41:51.912 [INFO] [Taskbar.Bounds] hwnd=0x100E2 iconRight=639 trayLeft=2253
2026-08-03 14:41:51.918 [INFO] [Taskbar.Bounds] hwnd=0x1012E iconRight=2660 trayLeft=5054
2026-08-03 14:41:52.465 [INFO] [Taskbar.Bounds] hwnd=0x100E2 iconRight=639 trayLeft=2253
2026-08-03 14:41:52.470 [INFO] [Taskbar.Bounds] hwnd=0x1012E iconRight=2660 trayLeft=5054
2026-08-03 14:41:52.956 [INFO] [Taskbar.Bounds] hwnd=0x100E2 iconRight=639 trayLeft=2253
2026-08-03 14:41:52.963 [INFO] [Taskbar.Bounds] hwnd=0x1012E iconRight=2660 trayLeft=5054
2026-08-03 14:41:53.484 [INFO] [Taskbar.Bounds] hwnd=0x100E2 iconRight=639 trayLeft=2253
2026-08-03 14:41:53.488 [INFO] [Taskbar.Bounds] hwnd=0x1012E iconRight=2660 trayLeft=5054
2026-08-03 14:41:54.016 [INFO] [Taskbar.Bounds] hwnd=0x100E2 iconRight=639 trayLeft=2253
2026-08-03 14:41:54.019 [INFO] [Taskbar.Bounds] hwnd=0x1012E iconRight=2660 trayLeft=5054
2026-08-03 14:41:54.547 [INFO] [Taskbar.Bounds] hwnd=0x100E2 iconRight=639 trayLeft=2253
2026-08-03 14:41:54.551 [INFO] [Taskbar.Bounds] hwnd=0x1012E iconRight=2660 trayLeft=5054
2026-08-03 14:41:55.075 [INFO] [Taskbar.Bounds] hwnd=0x100E2 iconRight=639 trayLeft=2253
2026-08-03 14:41:55.079 [INFO] [Taskbar.Bounds] hwnd=0x1012E iconRight=2660 trayLeft=5054
2026-08-03 14:41:55.610 [INFO] [Taskbar.Bounds] hwnd=0x100E2 iconRight=639 trayLeft=2253
2026-08-03 14:41:55.614 [INFO] [Taskbar.Bounds] hwnd=0x1012E iconRight=2660 trayLeft=5054
2026-08-03 14:41:56.144 [INFO] [Taskbar.Bounds] hwnd=0x100E2 iconRight=639 trayLeft=2253
2026-08-03 14:41:56.148 [INFO] [Taskbar.Bounds] hwnd=0x1012E iconRight=2660 trayLeft=5054
2026-08-03 14:41:56.685 [INFO] [Taskbar.Bounds] hwnd=0x100E2 iconRight=639 trayLeft=2253
2026-08-03 14:41:56.690 [INFO] [Taskbar.Bounds] hwnd=0x1012E iconRight=2660 trayLeft=5054
2026-08-03 14:41:57.200 [INFO] [Taskbar.Bounds] hwnd=0x100E2 iconRight=639 trayLeft=2253
2026-08-03 14:41:57.204 [INFO] [Taskbar.Bounds] hwnd=0x1012E iconRight=2660 trayLeft=5054
2026-08-03 14:41:57.733 [INFO] [Taskbar.Bounds] hwnd=0x100E2 iconRight=639 trayLeft=2253
2026-08-03 14:41:57.736 [INFO] [Taskbar.Bounds] hwnd=0x1012E iconRight=2660 trayLeft=5054
2026-08-03 14:41:58.269 [INFO] [Taskbar.Bounds] hwnd=0x100E2 iconRight=639 trayLeft=2253
2026-08-03 14:41:58.272 [INFO] [Taskbar.Bounds] hwnd=0x1012E iconRight=2660 trayLeft=5054
2026-08-03 14:41:58.796 [INFO] [Taskbar.Bounds] hwnd=0x100E2 iconRight=639 trayLeft=2253
2026-08-03 14:41:58.799 [INFO] [Taskbar.Bounds] hwnd=0x1012E iconRight=2660 trayLeft=5054
2026-08-03 14:41:59.338 [INFO] [Taskbar.Bounds] hwnd=0x100E2 iconRight=639 trayLeft=2253
2026-08-03 14:41:59.343 [INFO] [Taskbar.Bounds] hwnd=0x1012E iconRight=2660 trayLeft=5054
2026-08-03 14:41:59.858 [INFO] [Taskbar.Bounds] hwnd=0x100E2 iconRight=639 trayLeft=2253
2026-08-03 14:41:59.864 [INFO] [Taskbar.Bounds] hwnd=0x1012E iconRight=2660 trayLeft=5054
2026-08-03 14:42:00.393 [INFO] [Taskbar.Bounds] hwnd=0x100E2 iconRight=639 trayLeft=2253
2026-08-03 14:42:00.398 [INFO] [Taskbar.Bounds] hwnd=0x1012E iconRight=2660 trayLeft=5054
2026-08-03 14:42:00.936 [INFO] [Taskbar.Bounds] hwnd=0x100E2 iconRight=639 trayLeft=2253
2026-08-03 14:42:00.941 [INFO] [Taskbar.Bounds] hwnd=0x1012E iconRight=2660 trayLeft=5054
2026-08-03 14:42:01.464 [INFO] [Taskbar.Bounds] hwnd=0x100E2 iconRight=639 trayLeft=2253
2026-08-03 14:42:01.469 [INFO] [Taskbar.Bounds] hwnd=0x1012E iconRight=2660 trayLeft=5054
2026-08-03 14:42:01.988 [INFO] [Taskbar.Bounds] hwnd=0x100E2 iconRight=639 trayLeft=2253
2026-08-03 14:42:01.993 [INFO] [Taskbar.Bounds] hwnd=0x1012E iconRight=2660 trayLeft=5054
2026-08-03 14:42:02.539 [INFO] [Taskbar.Bounds] hwnd=0x100E2 iconRight=639 trayLeft=2253
2026-08-03 14:42:02.543 [INFO] [Taskbar.Bounds] hwnd=0x1012E iconRight=2660 trayLeft=5054
2026-08-03 14:42:03.047 [INFO] [Taskbar.Bounds] hwnd=0x100E2 iconRight=639 trayLeft=2253
2026-08-03 14:42:03.051 [INFO] [Taskbar.Bounds] hwnd=0x1012E iconRight=2660 trayLeft=5054
2026-08-03 14:42:03.575 [INFO] [Taskbar.Bounds] hwnd=0x100E2 iconRight=639 trayLeft=2253
2026-08-03 14:42:03.579 [INFO] [Taskbar.Bounds] hwnd=0x1012E iconRight=2660 trayLeft=5054
2026-08-03 14:42:04.107 [INFO] [Taskbar.Bounds] hwnd=0x100E2 iconRight=639 trayLeft=2253
2026-08-03 14:42:04.111 [INFO] [Taskbar.Bounds] hwnd=0x1012E iconRight=2660 trayLeft=5054
2026-08-03 14:42:04.637 [INFO] [Taskbar.Bounds] hwnd=0x100E2 iconRight=639 trayLeft=2253
2026-08-03 14:42:04.641 [INFO] [Taskbar.Bounds] hwnd=0x1012E iconRight=2660 trayLeft=5054
2026-08-03 14:42:05.168 [INFO] [Taskbar.Bounds] hwnd=0x100E2 iconRight=639 trayLeft=2253
2026-08-03 14:42:05.173 [INFO] [Taskbar.Bounds] hwnd=0x1012E iconRight=2660 trayLeft=5054
2026-08-03 14:42:05.706 [INFO] [Taskbar.Bounds] hwnd=0x100E2 iconRight=639 trayLeft=2253
2026-08-03 14:42:05.712 [INFO] [Taskbar.Bounds] hwnd=0x1012E iconRight=2660 trayLeft=5054
2026-08-03 14:42:06.240 [INFO] [Taskbar.Bounds] hwnd=0x100E2 iconRight=639 trayLeft=2253
2026-08-03 14:42:06.244 [INFO] [Taskbar.Bounds] hwnd=0x1012E iconRight=2660 trayLeft=5054
2026-08-03 14:42:06.772 [INFO] [Taskbar.Bounds] hwnd=0x100E2 iconRight=639 trayLeft=2253
2026-08-03 14:42:06.777 [INFO] [Taskbar.Bounds] hwnd=0x1012E iconRight=2660 trayLeft=5054
2026-08-03 14:42:07.307 [INFO] [Taskbar.Bounds] hwnd=0x100E2 iconRight=639 trayLeft=2253
2026-08-03 14:42:07.312 [INFO] [Taskbar.Bounds] hwnd=0x1012E iconRight=2660 trayLeft=5054
2026-08-03 14:42:07.830 [INFO] [Taskbar.Bounds] hwnd=0x100E2 iconRight=639 trayLeft=2253
2026-08-03 14:42:07.834 [INFO] [Taskbar.Bounds] hwnd=0x1012E iconRight=2660 trayLeft=5054
2026-08-03 14:42:08.361 [INFO] [Taskbar.Bounds] hwnd=0x100E2 iconRight=639 trayLeft=2253
2026-08-03 14:42:08.365 [INFO] [Taskbar.Bounds] hwnd=0x1012E iconRight=2660 trayLeft=5054
2026-08-03 14:42:08.890 [INFO] [Taskbar.Bounds] hwnd=0x100E2 iconRight=639 trayLeft=2253
2026-08-03 14:42:08.894 [INFO] [Taskbar.Bounds] hwnd=0x1012E iconRight=2660 trayLeft=5054
2026-08-03 14:42:09.434 [INFO] [Taskbar.Bounds] hwnd=0x100E2 iconRight=639 trayLeft=2253
2026-08-03 14:42:09.439 [INFO] [Taskbar.Bounds] hwnd=0x1012E iconRight=2660 trayLeft=5054
2026-08-03 14:42:09.961 [INFO] [Taskbar.Bounds] hwnd=0x100E2 iconRight=639 trayLeft=2253
2026-08-03 14:42:09.965 [INFO] [Taskbar.Bounds] hwnd=0x1012E iconRight=2660 trayLeft=5054
2026-08-03 14:42:10.497 [INFO] [Taskbar.Bounds] hwnd=0x100E2 iconRight=639 trayLeft=2253
2026-08-03 14:42:10.502 [INFO] [Taskbar.Bounds] hwnd=0x1012E iconRight=2660 trayLeft=5054
2026-08-03 14:42:11.027 [INFO] [Taskbar.Bounds] hwnd=0x100E2 iconRight=639 trayLeft=2253
2026-08-03 14:42:11.031 [INFO] [Taskbar.Bounds] hwnd=0x1012E iconRight=2660 trayLeft=5054
2026-08-03 14:42:11.555 [INFO] [Taskbar.Bounds] hwnd=0x100E2 iconRight=639 trayLeft=2253
2026-08-03 14:42:11.561 [INFO] [Taskbar.Bounds] hwnd=0x1012E iconRight=2660 trayLeft=5054
2026-08-03 14:42:12.087 [INFO] [Taskbar.Bounds] hwnd=0x100E2 iconRight=639 trayLeft=2253
2026-08-03 14:42:12.093 [INFO] [Taskbar.Bounds] hwnd=0x1012E iconRight=2660 trayLeft=5054
2026-08-03 14:42:12.626 [INFO] [Taskbar.Bounds] hwnd=0x100E2 iconRight=639 trayLeft=2253
2026-08-03 14:42:12.631 [INFO] [Taskbar.Bounds] hwnd=0x1012E iconRight=2660 trayLeft=5054
2026-08-03 14:42:13.148 [INFO] [Taskbar.Bounds] hwnd=0x100E2 iconRight=639 trayLeft=2253
2026-08-03 14:42:13.152 [INFO] [Taskbar.Bounds] hwnd=0x1012E iconRight=2660 trayLeft=5054
2026-08-03 14:42:13.678 [INFO] [Taskbar.Bounds] hwnd=0x100E2 iconRight=639 trayLeft=2253
2026-08-03 14:42:13.681 [INFO] [Taskbar.Bounds] hwnd=0x1012E iconRight=2660 trayLeft=5054
2026-08-03 14:42:14.206 [INFO] [Taskbar.Bounds] hwnd=0x100E2 iconRight=639 trayLeft=2253
2026-08-03 14:42:14.211 [INFO] [Taskbar.Bounds] hwnd=0x1012E iconRight=2660 trayLeft=5054
2026-08-03 14:42:14.736 [INFO] [Taskbar.Bounds] hwnd=0x100E2 iconRight=639 trayLeft=2253
2026-08-03 14:42:14.740 [INFO] [Taskbar.Bounds] hwnd=0x1012E iconRight=2660 trayLeft=5054
2026-08-03 14:42:15.269 [INFO] [Taskbar.Bounds] hwnd=0x100E2 iconRight=639 trayLeft=2253
2026-08-03 14:42:15.275 [INFO] [Taskbar.Bounds] hwnd=0x1012E iconRight=2660 trayLeft=5054
2026-08-03 14:42:15.796 [INFO] [Taskbar.Bounds] hwnd=0x100E2 iconRight=639 trayLeft=2253
2026-08-03 14:42:15.802 [INFO] [Taskbar.Bounds] hwnd=0x1012E iconRight=2660 trayLeft=5054
2026-08-03 14:42:16.335 [INFO] [Taskbar.Bounds] hwnd=0x100E2 iconRight=639 trayLeft=2253
2026-08-03 14:42:16.340 [INFO] [Taskbar.Bounds] hwnd=0x1012E iconRight=2660 trayLeft=5054
