2026-08-03 14:37:45.795 [INFO] [Logger] enabled=True, retention=7d, dir=D:\Programms\kil0bit\kil0bit-system-monitor-3.3.4\bin\Release\net8.0-windows\log
2026-08-03 14:37:50.285 [INFO] [Taskbar.Bounds] hwnd=0x100E2 iconRight=639 trayLeft=2253
2026-08-03 14:37:50.355 [INFO] [Taskbar.Bounds] hwnd=0x100E2 iconRight=639 trayLeft=2253
2026-08-03 14:37:50.367 [INFO] [Taskbar.Bounds] hwnd=0x1012E iconRight=2660 trayLeft=5054
2026-08-03 14:37:50.440 [INFO] [Taskbar.Bounds] hwnd=0x100E2 iconRight=639 trayLeft=2253
2026-08-03 14:37:50.448 [INFO] [Taskbar.Bounds] hwnd=0x1012E iconRight=2660 trayLeft=5054
2026-08-03 14:37:51.067 [INFO] [Taskbar.Bounds] hwnd=0x100E2 iconRight=688 trayLeft=2253
2026-08-03 14:37:51.140 [INFO] [Taskbar.Bounds] hwnd=0x1012E iconRight=2660 trayLeft=5054
2026-08-03 14:37:51.247 [INFO] [Taskbar.Bounds] hwnd=0x100E2 iconRight=688 trayLeft=2253
2026-08-03 14:37:51.253 [INFO] [Taskbar.Bounds] hwnd=0x1012E iconRight=2660 trayLeft=5054
2026-08-03 14:37:51.779 [INFO] [Taskbar.Bounds] hwnd=0x100E2 iconRight=688 trayLeft=2253
2026-08-03 14:37:51.785 [INFO] [Taskbar.Bounds] hwnd=0x1012E iconRight=2660 trayLeft=5054
2026-08-03 14:37:52.305 [INFO] [Taskbar.Bounds] hwnd=0x100E2 iconRight=688 trayLeft=2253
2026-08-03 14:37:52.312 [INFO] [Taskbar.Bounds] hwnd=0x1012E iconRight=2660 trayLeft=5054
2026-08-03 14:37:54.781 [INFO] [Taskbar.Bounds] hwnd=0x100E2 iconRight=688 trayLeft=2253
2026-08-03 14:37:54.788 [INFO] [Taskbar.Bounds] hwnd=0x1012E iconRight=2660 trayLeft=5054
2026-08-03 14:37:54.973 [INFO] [Taskbar.Bounds] hwnd=0x100E2 iconRight=688 trayLeft=2253
2026-08-03 14:37:54.978 [INFO] [Taskbar.Bounds] hwnd=0x1012E iconRight=2660 trayLeft=5054
2026-08-03 14:37:55.483 [INFO] [Taskbar.Bounds] hwnd=0x100E2 iconRight=688 trayLeft=2253
2026-08-03 14:37:55.488 [INFO] [Taskbar.Bounds] hwnd=0x1012E iconRight=2660 trayLeft=5054
2026-08-03 14:37:56.024 [INFO] [Taskbar.Bounds] hwnd=0x100E2 iconRight=688 trayLeft=2253
2026-08-03 14:37:56.029 [INFO] [Taskbar.Bounds] hwnd=0x1012E iconRight=2660 trayLeft=5054
2026-08-03 14:37:56.549 [INFO] [Taskbar.Bounds] hwnd=0x100E2 iconRight=688 trayLeft=2253
2026-08-03 14:37:56.554 [INFO] [Taskbar.Bounds] hwnd=0x1012E iconRight=2660 trayLeft=5054
2026-08-03 14:37:57.094 [INFO] [Taskbar.Bounds] hwnd=0x100E2 iconRight=688 trayLeft=2253
2026-08-03 14:37:57.100 [INFO] [Taskbar.Bounds] hwnd=0x1012E iconRight=2660 trayLeft=5054
2026-08-03 14:37:57.611 [INFO] [Taskbar.Bounds] hwnd=0x100E2 iconRight=688 trayLeft=2253
2026-08-03 14:37:57.615 [INFO] [Taskbar.Bounds] hwnd=0x1012E iconRight=2660 trayLeft=5054
2026-08-03 14:37:58.150 [INFO] [Taskbar.Bounds] hwnd=0x100E2 iconRight=688 trayLeft=2253
2026-08-03 14:37:58.157 [INFO] [Taskbar.Bounds] hwnd=0x1012E iconRight=2660 trayLeft=5054
2026-08-03 14:37:58.681 [INFO] [Taskbar.Bounds] hwnd=0x100E2 iconRight=688 trayLeft=2253
2026-08-03 14:37:58.687 [INFO] [Taskbar.Bounds] hwnd=0x1012E iconRight=2660 trayLeft=5054
2026-08-03 14:37:59.214 [INFO] [Taskbar.Bounds] hwnd=0x100E2 iconRight=688 trayLeft=2253
2026-08-03 14:37:59.218 [INFO] [Taskbar.Bounds] hwnd=0x1012E iconRight=2660 trayLeft=5054
2026-08-03 14:37:59.760 [INFO] [Taskbar.Bounds] hwnd=0x100E2 iconRight=688 trayLeft=2253
2026-08-03 14:37:59.765 [INFO] [Taskbar.Bounds] hwnd=0x1012E iconRight=2660 trayLeft=5054
2026-08-03 14:38:00.068 [INFO] [Taskbar.Bounds] hwnd=0x100E2 iconRight=686 trayLeft=2253
2026-08-03 14:38:00.073 [INFO] [Taskbar.Bounds] hwnd=0x1012E iconRight=2660 trayLeft=5054
2026-08-03 14:38:00.287 [INFO] [Taskbar.Bounds] hwnd=0x100E2 iconRight=639 trayLeft=2253
2026-08-03 14:38:00.294 [INFO] [Taskbar.Bounds] hwnd=0x1012E iconRight=2660 trayLeft=5054
2026-08-03 14:38:00.802 [INFO] [Taskbar.Bounds] hwnd=0x100E2 iconRight=639 trayLeft=2253
2026-08-03 14:38:00.807 [INFO] [Taskbar.Bounds] hwnd=0x1012E iconRight=2660 trayLeft=5054
2026-08-03 14:38:01.324 [INFO] [Taskbar.Bounds] hwnd=0x100E2 iconRight=639 trayLeft=2253
2026-08-03 14:38:01.328 [INFO] [Taskbar.Bounds] hwnd=0x1012E iconRight=2660 trayLeft=5054
2026-08-03 14:38:01.868 [INFO] [Taskbar.Bounds] hwnd=0x100E2 iconRight=639 trayLeft=2253
2026-08-03 14:38:01.874 [INFO] [Taskbar.Bounds] hwnd=0x1012E iconRight=2660 trayLeft=5054
2026-08-03 14:38:02.378 [INFO] [Taskbar.Bounds] hwnd=0x100E2 iconRight=639 trayLeft=2253
2026-08-03 14:38:02.382 [INFO] [Taskbar.Bounds] hwnd=0x1012E iconRight=2660 trayLeft=5054
2026-08-03 14:38:02.915 [INFO] [Taskbar.Bounds] hwnd=0x100E2 iconRight=639 trayLeft=2253
2026-08-03 14:38:02.921 [INFO] [Taskbar.Bounds] hwnd=0x1012E iconRight=2660 trayLeft=5054
2026-08-03 14:38:03.455 [INFO] [Taskbar.Bounds] hwnd=0x100E2 iconRight=639 trayLeft=2253
2026-08-03 14:38:03.459 [INFO] [Taskbar.Bounds] hwnd=0x1012E iconRight=2660 trayLeft=5054
2026-08-03 14:38:03.962 [INFO] [Taskbar.Bounds] hwnd=0x100E2 iconRight=639 trayLeft=2253
2026-08-03 14:38:03.968 [INFO] [Taskbar.Bounds] hwnd=0x1012E iconRight=2660 trayLeft=5054
2026-08-03 14:38:04.515 [INFO] [Taskbar.Bounds] hwnd=0x100E2 iconRight=639 trayLeft=2253
2026-08-03 14:38:04.519 [INFO] [Taskbar.Bounds] hwnd=0x1012E iconRight=2660 trayLeft=5054
2026-08-03 14:38:04.668 [INFO] [Overlay.Click] DOWN screen=(2007,1418) mode=ProcessList
2026-08-03 14:38:04.752 [INFO] [Overlay.Click] UP → ToggleProcessList
2026-08-03 14:38:04.752 [INFO] [ProcessList] open
2026-08-03 14:38:04.766 [INFO] [ProcessList.Pos] overlay=(1938,1400)-(2111,1439) popup=(1714,700) 620x696 workBottom=1396 dpi=1
2026-08-03 14:38:04.796 [INFO] [ProcessList.Pos] overlay=(1938,1400)-(2111,1439) popup=(1714,700) 620x696 workBottom=1396 dpi=1
2026-08-03 14:38:04.815 [INFO] [ProcessList.Pos] overlay=(1938,1400)-(2111,1439) popup=(1714,700) 620x696 workBottom=1396 dpi=1
2026-08-03 14:38:05.015 [INFO] [ProcessList.Pos] overlay=(1938,1400)-(2111,1439) popup=(1714,700) 620x696 workBottom=1396 dpi=1
2026-08-03 14:38:05.093 [INFO] [Taskbar.Bounds] hwnd=0x100E2 iconRight=639 trayLeft=2253
2026-08-03 14:38:05.097 [INFO] [Taskbar.Bounds] hwnd=0x1012E iconRight=2660 trayLeft=5054
2026-08-03 14:38:05.458 [INFO] [Overlay.Click] DOWN screen=(2013,1414) mode=ProcessList
2026-08-03 14:38:05.520 [INFO] [Overlay.Click] UP → ToggleProcessList
2026-08-03 14:38:05.520 [INFO] [ProcessList] close
2026-08-03 14:38:05.696 [INFO] [Taskbar.Bounds] hwnd=0x100E2 iconRight=639 trayLeft=2253
2026-08-03 14:38:05.700 [INFO] [Taskbar.Bounds] hwnd=0x1012E iconRight=2660 trayLeft=5054
2026-08-03 14:38:05.871 [INFO] [Overlay.Click] DOWN screen=(2017,1424) mode=ProcessList
2026-08-03 14:38:06.124 [INFO] [Taskbar.Bounds] hwnd=0x100E2 iconRight=639 trayLeft=2253
2026-08-03 14:38:06.129 [INFO] [Taskbar.Bounds] hwnd=0x1012E iconRight=2660 trayLeft=5054
2026-08-03 14:38:06.644 [INFO] [Taskbar.Bounds] hwnd=0x100E2 iconRight=639 trayLeft=2253
2026-08-03 14:38:06.648 [INFO] [Taskbar.Bounds] hwnd=0x1012E iconRight=2660 trayLeft=5054
2026-08-03 14:38:07.190 [INFO] [Taskbar.Bounds] hwnd=0x100E2 iconRight=639 trayLeft=2253
2026-08-03 14:38:07.195 [INFO] [Taskbar.Bounds] hwnd=0x1012E iconRight=2660 trayLeft=5054
2026-08-03 14:38:07.220 [INFO] [Overlay.Click] UP skipped down=True dragged=True sinceDrag=18614718
2026-08-03 14:38:07.706 [INFO] [Taskbar.Bounds] hwnd=0x100E2 iconRight=639 trayLeft=2253
2026-08-03 14:38:07.711 [INFO] [Taskbar.Bounds] hwnd=0x1012E iconRight=2660 trayLeft=5054
2026-08-03 14:38:08.230 [INFO] [Taskbar.Bounds] hwnd=0x100E2 iconRight=639 trayLeft=2253
2026-08-03 14:38:08.235 [INFO] [Taskbar.Bounds] hwnd=0x1012E iconRight=2660 trayLeft=5054
2026-08-03 14:38:08.757 [INFO] [Taskbar.Bounds] hwnd=0x100E2 iconRight=639 trayLeft=2253
2026-08-03 14:38:08.761 [INFO] [Taskbar.Bounds] hwnd=0x1012E iconRight=2660 trayLeft=5054
2026-08-03 14:38:09.297 [INFO] [Taskbar.Bounds] hwnd=0x100E2 iconRight=639 trayLeft=2253
2026-08-03 14:38:09.306 [INFO] [Taskbar.Bounds] hwnd=0x1012E iconRight=2660 trayLeft=5054
2026-08-03 14:38:09.828 [INFO] [Taskbar.Bounds] hwnd=0x100E2 iconRight=639 trayLeft=2253
2026-08-03 14:38:09.832 [INFO] [Taskbar.Bounds] hwnd=0x1012E iconRight=2660 trayLeft=5054
2026-08-03 14:38:10.356 [INFO] [Taskbar.Bounds] hwnd=0x100E2 iconRight=639 trayLeft=2253
2026-08-03 14:38:10.361 [INFO] [Taskbar.Bounds] hwnd=0x1012E iconRight=2660 trayLeft=5054
2026-08-03 14:38:10.882 [INFO] [Taskbar.Bounds] hwnd=0x100E2 iconRight=639 trayLeft=2253
2026-08-03 14:38:10.887 [INFO] [Taskbar.Bounds] hwnd=0x1012E iconRight=2660 trayLeft=5054
2026-08-03 14:38:11.420 [INFO] [Taskbar.Bounds] hwnd=0x100E2 iconRight=639 trayLeft=2253
2026-08-03 14:38:11.424 [INFO] [Taskbar.Bounds] hwnd=0x1012E iconRight=2660 trayLeft=5054
2026-08-03 14:38:11.954 [INFO] [Taskbar.Bounds] hwnd=0x100E2 iconRight=639 trayLeft=2253
2026-08-03 14:38:11.959 [INFO] [Taskbar.Bounds] hwnd=0x1012E iconRight=2660 trayLeft=5054
2026-08-03 14:38:12.488 [INFO] [Taskbar.Bounds] hwnd=0x100E2 iconRight=639 trayLeft=2253
2026-08-03 14:38:12.492 [INFO] [Taskbar.Bounds] hwnd=0x1012E iconRight=2660 trayLeft=5054
2026-08-03 14:38:13.016 [INFO] [Taskbar.Bounds] hwnd=0x100E2 iconRight=639 trayLeft=2253
2026-08-03 14:38:13.020 [INFO] [Taskbar.Bounds] hwnd=0x1012E iconRight=2660 trayLeft=5054
2026-08-03 14:38:13.554 [INFO] [Taskbar.Bounds] hwnd=0x100E2 iconRight=639 trayLeft=2253
2026-08-03 14:38:13.558 [INFO] [Taskbar.Bounds] hwnd=0x1012E iconRight=2660 trayLeft=5054
2026-08-03 14:38:14.075 [INFO] [Taskbar.Bounds] hwnd=0x100E2 iconRight=639 trayLeft=2253
2026-08-03 14:38:14.079 [INFO] [Taskbar.Bounds] hwnd=0x1012E iconRight=2660 trayLeft=5054
2026-08-03 14:38:14.604 [INFO] [Taskbar.Bounds] hwnd=0x100E2 iconRight=639 trayLeft=2253
2026-08-03 14:38:14.610 [INFO] [Taskbar.Bounds] hwnd=0x1012E iconRight=2660 trayLeft=5054
2026-08-03 14:38:15.134 [INFO] [Taskbar.Bounds] hwnd=0x100E2 iconRight=639 trayLeft=2253
2026-08-03 14:38:15.138 [INFO] [Taskbar.Bounds] hwnd=0x1012E iconRight=2660 trayLeft=5054
2026-08-03 14:38:15.667 [INFO] [Taskbar.Bounds] hwnd=0x100E2 iconRight=639 trayLeft=2253
2026-08-03 14:38:15.671 [INFO] [Taskbar.Bounds] hwnd=0x1012E iconRight=2660 trayLeft=5054
2026-08-03 14:38:16.189 [INFO] [Taskbar.Bounds] hwnd=0x100E2 iconRight=639 trayLeft=2253
2026-08-03 14:38:16.193 [INFO] [Taskbar.Bounds] hwnd=0x1012E iconRight=2660 trayLeft=5054
2026-08-03 14:38:16.733 [INFO] [Taskbar.Bounds] hwnd=0x100E2 iconRight=639 trayLeft=2253
2026-08-03 14:38:16.736 [INFO] [Taskbar.Bounds] hwnd=0x1012E iconRight=2660 trayLeft=5054
2026-08-03 14:38:17.265 [INFO] [Taskbar.Bounds] hwnd=0x100E2 iconRight=639 trayLeft=2253
2026-08-03 14:38:17.269 [INFO] [Taskbar.Bounds] hwnd=0x1012E iconRight=2660 trayLeft=5054
2026-08-03 14:38:17.801 [INFO] [Taskbar.Bounds] hwnd=0x100E2 iconRight=639 trayLeft=2253
2026-08-03 14:38:17.805 [INFO] [Taskbar.Bounds] hwnd=0x1012E iconRight=2660 trayLeft=5054
2026-08-03 14:38:18.339 [INFO] [Taskbar.Bounds] hwnd=0x100E2 iconRight=639 trayLeft=2253
2026-08-03 14:38:18.344 [INFO] [Taskbar.Bounds] hwnd=0x1012E iconRight=2660 trayLeft=5054
2026-08-03 14:38:18.858 [INFO] [Taskbar.Bounds] hwnd=0x100E2 iconRight=639 trayLeft=2253
2026-08-03 14:38:18.862 [INFO] [Taskbar.Bounds] hwnd=0x1012E iconRight=2660 trayLeft=5054
2026-08-03 14:38:19.384 [INFO] [Taskbar.Bounds] hwnd=0x100E2 iconRight=639 trayLeft=2253
2026-08-03 14:38:19.389 [INFO] [Taskbar.Bounds] hwnd=0x1012E iconRight=2660 trayLeft=5054
2026-08-03 14:38:19.916 [INFO] [Taskbar.Bounds] hwnd=0x100E2 iconRight=639 trayLeft=2253
2026-08-03 14:38:19.921 [INFO] [Taskbar.Bounds] hwnd=0x1012E iconRight=2660 trayLeft=5054
2026-08-03 14:38:20.459 [INFO] [Taskbar.Bounds] hwnd=0x100E2 iconRight=639 trayLeft=2253
2026-08-03 14:38:20.464 [INFO] [Taskbar.Bounds] hwnd=0x1012E iconRight=2660 trayLeft=5054
2026-08-03 14:38:20.984 [INFO] [Taskbar.Bounds] hwnd=0x100E2 iconRight=639 trayLeft=2253
2026-08-03 14:38:20.991 [INFO] [Taskbar.Bounds] hwnd=0x1012E iconRight=2660 trayLeft=5054
2026-08-03 14:38:21.507 [INFO] [Taskbar.Bounds] hwnd=0x100E2 iconRight=639 trayLeft=2253
2026-08-03 14:38:21.511 [INFO] [Taskbar.Bounds] hwnd=0x1012E iconRight=2660 trayLeft=5054
2026-08-03 14:38:22.050 [INFO] [Taskbar.Bounds] hwnd=0x100E2 iconRight=639 trayLeft=2253
2026-08-03 14:38:22.056 [INFO] [Taskbar.Bounds] hwnd=0x1012E iconRight=2660 trayLeft=5054
2026-08-03 14:38:22.582 [INFO] [Taskbar.Bounds] hwnd=0x100E2 iconRight=639 trayLeft=2253
2026-08-03 14:38:22.586 [INFO] [Taskbar.Bounds] hwnd=0x1012E iconRight=2660 trayLeft=5054
2026-08-03 14:38:23.100 [INFO] [Taskbar.Bounds] hwnd=0x100E2 iconRight=639 trayLeft=2253
2026-08-03 14:38:23.104 [INFO] [Taskbar.Bounds] hwnd=0x1012E iconRight=2660 trayLeft=5054
2026-08-03 14:38:23.631 [INFO] [Taskbar.Bounds] hwnd=0x100E2 iconRight=639 trayLeft=2253
2026-08-03 14:38:23.635 [INFO] [Taskbar.Bounds] hwnd=0x1012E iconRight=2660 trayLeft=5054
2026-08-03 14:38:24.166 [INFO] [Taskbar.Bounds] hwnd=0x100E2 iconRight=639 trayLeft=2253
2026-08-03 14:38:24.170 [INFO] [Taskbar.Bounds] hwnd=0x1012E iconRight=2660 trayLeft=5054
2026-08-03 14:38:24.699 [INFO] [Taskbar.Bounds] hwnd=0x100E2 iconRight=639 trayLeft=2253
2026-08-03 14:38:24.703 [INFO] [Taskbar.Bounds] hwnd=0x1012E iconRight=2660 trayLeft=5054
2026-08-03 14:38:25.236 [INFO] [Taskbar.Bounds] hwnd=0x100E2 iconRight=639 trayLeft=2253
2026-08-03 14:38:25.241 [INFO] [Taskbar.Bounds] hwnd=0x1012E iconRight=2660 trayLeft=5054
2026-08-03 14:38:25.767 [INFO] [Taskbar.Bounds] hwnd=0x100E2 iconRight=639 trayLeft=2253
2026-08-03 14:38:25.770 [INFO] [Taskbar.Bounds] hwnd=0x1012E iconRight=2660 trayLeft=5054
2026-08-03 14:38:26.295 [INFO] [Taskbar.Bounds] hwnd=0x100E2 iconRight=639 trayLeft=2253
2026-08-03 14:38:26.299 [INFO] [Taskbar.Bounds] hwnd=0x1012E iconRight=2660 trayLeft=5054
2026-08-03 14:38:26.824 [INFO] [Taskbar.Bounds] hwnd=0x100E2 iconRight=639 trayLeft=2253
2026-08-03 14:38:26.828 [INFO] [Taskbar.Bounds] hwnd=0x1012E iconRight=2660 trayLeft=5054
2026-08-03 14:38:27.349 [INFO] [Taskbar.Bounds] hwnd=0x100E2 iconRight=639 trayLeft=2253
2026-08-03 14:38:27.355 [INFO] [Taskbar.Bounds] hwnd=0x1012E iconRight=2660 trayLeft=5054
2026-08-03 14:38:27.888 [INFO] [Taskbar.Bounds] hwnd=0x100E2 iconRight=639 trayLeft=2253
2026-08-03 14:38:27.893 [INFO] [Taskbar.Bounds] hwnd=0x1012E iconRight=2660 trayLeft=5054
2026-08-03 14:38:28.425 [INFO] [Taskbar.Bounds] hwnd=0x100E2 iconRight=639 trayLeft=2253
2026-08-03 14:38:28.430 [INFO] [Taskbar.Bounds] hwnd=0x1012E iconRight=2660 trayLeft=5054
2026-08-03 14:38:28.952 [INFO] [Taskbar.Bounds] hwnd=0x100E2 iconRight=639 trayLeft=2253
2026-08-03 14:38:28.957 [INFO] [Taskbar.Bounds] hwnd=0x1012E iconRight=2660 trayLeft=5054
2026-08-03 14:38:29.486 [INFO] [Taskbar.Bounds] hwnd=0x100E2 iconRight=639 trayLeft=2253
2026-08-03 14:38:29.490 [INFO] [Taskbar.Bounds] hwnd=0x1012E iconRight=2660 trayLeft=5054
2026-08-03 14:38:30.017 [INFO] [Taskbar.Bounds] hwnd=0x100E2 iconRight=639 trayLeft=2253
2026-08-03 14:38:30.021 [INFO] [Taskbar.Bounds] hwnd=0x1012E iconRight=2660 trayLeft=5054
2026-08-03 14:38:30.547 [INFO] [Taskbar.Bounds] hwnd=0x100E2 iconRight=639 trayLeft=2253
2026-08-03 14:38:30.551 [INFO] [Taskbar.Bounds] hwnd=0x1012E iconRight=2660 trayLeft=5054
2026-08-03 14:38:31.090 [INFO] [Taskbar.Bounds] hwnd=0x100E2 iconRight=639 trayLeft=2253
2026-08-03 14:38:31.099 [INFO] [Taskbar.Bounds] hwnd=0x1012E iconRight=2660 trayLeft=5054
2026-08-03 14:38:31.605 [INFO] [Taskbar.Bounds] hwnd=0x100E2 iconRight=639 trayLeft=2253
2026-08-03 14:38:31.611 [INFO] [Taskbar.Bounds] hwnd=0x1012E iconRight=2660 trayLeft=5054
2026-08-03 14:38:32.165 [INFO] [Taskbar.Bounds] hwnd=0x100E2 iconRight=639 trayLeft=2253
2026-08-03 14:38:32.182 [INFO] [Taskbar.Bounds] hwnd=0x1012E iconRight=2660 trayLeft=5054
2026-08-03 14:38:32.700 [INFO] [Taskbar.Bounds] hwnd=0x100E2 iconRight=639 trayLeft=2253
2026-08-03 14:38:32.706 [INFO] [Taskbar.Bounds] hwnd=0x1012E iconRight=2660 trayLeft=5054
2026-08-03 14:38:33.203 [INFO] [Taskbar.Bounds] hwnd=0x100E2 iconRight=639 trayLeft=2253
2026-08-03 14:38:33.207 [INFO] [Taskbar.Bounds] hwnd=0x1012E iconRight=2660 trayLeft=5054
2026-08-03 14:38:33.731 [INFO] [Taskbar.Bounds] hwnd=0x100E2 iconRight=639 trayLeft=2253
2026-08-03 14:38:33.736 [INFO] [Taskbar.Bounds] hwnd=0x1012E iconRight=2660 trayLeft=5054
2026-08-03 14:38:34.263 [INFO] [Taskbar.Bounds] hwnd=0x100E2 iconRight=639 trayLeft=2253
2026-08-03 14:38:34.268 [INFO] [Taskbar.Bounds] hwnd=0x1012E iconRight=2660 trayLeft=5054
2026-08-03 14:38:34.789 [INFO] [Taskbar.Bounds] hwnd=0x100E2 iconRight=639 trayLeft=2253
2026-08-03 14:38:34.793 [INFO] [Taskbar.Bounds] hwnd=0x1012E iconRight=2660 trayLeft=5054
2026-08-03 14:38:35.318 [INFO] [Taskbar.Bounds] hwnd=0x100E2 iconRight=639 trayLeft=2253
2026-08-03 14:38:35.322 [INFO] [Taskbar.Bounds] hwnd=0x1012E iconRight=2660 trayLeft=5054
2026-08-03 14:38:35.858 [INFO] [Taskbar.Bounds] hwnd=0x100E2 iconRight=639 trayLeft=2253
2026-08-03 14:38:35.862 [INFO] [Taskbar.Bounds] hwnd=0x1012E iconRight=2660 trayLeft=5054
2026-08-03 14:38:36.389 [INFO] [Taskbar.Bounds] hwnd=0x100E2 iconRight=639 trayLeft=2253
2026-08-03 14:38:36.392 [INFO] [Taskbar.Bounds] hwnd=0x1012E iconRight=2660 trayLeft=5054
2026-08-03 14:38:36.916 [INFO] [Taskbar.Bounds] hwnd=0x100E2 iconRight=639 trayLeft=2253
2026-08-03 14:38:36.922 [INFO] [Taskbar.Bounds] hwnd=0x1012E iconRight=2660 trayLeft=5054
2026-08-03 14:38:37.127 [INFO] [Taskbar.Bounds] hwnd=0x100E2 iconRight=639 trayLeft=2253
2026-08-03 14:38:37.132 [INFO] [Taskbar.Bounds] hwnd=0x1012E iconRight=2660 trayLeft=5054
2026-08-03 14:38:37.453 [INFO] [Taskbar.Bounds] hwnd=0x100E2 iconRight=639 trayLeft=2253
2026-08-03 14:38:37.457 [INFO] [Taskbar.Bounds] hwnd=0x1012E iconRight=2660 trayLeft=5054
2026-08-03 14:38:37.982 [INFO] [Taskbar.Bounds] hwnd=0x100E2 iconRight=639 trayLeft=2253
2026-08-03 14:38:37.986 [INFO] [Taskbar.Bounds] hwnd=0x1012E iconRight=2660 trayLeft=5054
2026-08-03 14:38:38.527 [INFO] [Taskbar.Bounds] hwnd=0x100E2 iconRight=639 trayLeft=2253
2026-08-03 14:38:38.531 [INFO] [Taskbar.Bounds] hwnd=0x1012E iconRight=2660 trayLeft=5054
2026-08-03 14:38:39.041 [INFO] [Taskbar.Bounds] hwnd=0x100E2 iconRight=639 trayLeft=2253
2026-08-03 14:38:39.045 [INFO] [Taskbar.Bounds] hwnd=0x1012E iconRight=2660 trayLeft=5054
2026-08-03 14:38:39.582 [INFO] [Taskbar.Bounds] hwnd=0x100E2 iconRight=639 trayLeft=2253
2026-08-03 14:38:39.587 [INFO] [Taskbar.Bounds] hwnd=0x1012E iconRight=2660 trayLeft=5054
2026-08-03 14:38:40.104 [INFO] [Taskbar.Bounds] hwnd=0x100E2 iconRight=639 trayLeft=2253
2026-08-03 14:38:40.108 [INFO] [Taskbar.Bounds] hwnd=0x1012E iconRight=2660 trayLeft=5054
2026-08-03 14:38:40.645 [INFO] [Taskbar.Bounds] hwnd=0x100E2 iconRight=639 trayLeft=2253
2026-08-03 14:38:40.650 [INFO] [Taskbar.Bounds] hwnd=0x1012E iconRight=2660 trayLeft=5054
2026-08-03 14:38:41.169 [INFO] [Taskbar.Bounds] hwnd=0x100E2 iconRight=639 trayLeft=2253
2026-08-03 14:38:41.176 [INFO] [Taskbar.Bounds] hwnd=0x1012E iconRight=2660 trayLeft=5054
2026-08-03 14:38:41.697 [INFO] [Taskbar.Bounds] hwnd=0x100E2 iconRight=639 trayLeft=2253
2026-08-03 14:38:41.701 [INFO] [Taskbar.Bounds] hwnd=0x1012E iconRight=2660 trayLeft=5054
2026-08-03 14:38:42.235 [INFO] [Taskbar.Bounds] hwnd=0x100E2 iconRight=639 trayLeft=2253
2026-08-03 14:38:42.239 [INFO] [Taskbar.Bounds] hwnd=0x1012E iconRight=2660 trayLeft=5054
2026-08-03 14:38:42.764 [INFO] [Taskbar.Bounds] hwnd=0x100E2 iconRight=639 trayLeft=2253
2026-08-03 14:38:42.767 [INFO] [Taskbar.Bounds] hwnd=0x1012E iconRight=2660 trayLeft=5054
2026-08-03 14:38:43.296 [INFO] [Taskbar.Bounds] hwnd=0x100E2 iconRight=639 trayLeft=2253
2026-08-03 14:38:43.300 [INFO] [Taskbar.Bounds] hwnd=0x1012E iconRight=2660 trayLeft=5054
2026-08-03 14:38:43.824 [INFO] [Taskbar.Bounds] hwnd=0x100E2 iconRight=639 trayLeft=2253
2026-08-03 14:38:43.829 [INFO] [Taskbar.Bounds] hwnd=0x1012E iconRight=2660 trayLeft=5054
2026-08-03 14:38:44.358 [INFO] [Taskbar.Bounds] hwnd=0x100E2 iconRight=639 trayLeft=2253
2026-08-03 14:38:44.364 [INFO] [Taskbar.Bounds] hwnd=0x1012E iconRight=2660 trayLeft=5054
2026-08-03 14:38:44.883 [INFO] [Taskbar.Bounds] hwnd=0x100E2 iconRight=639 trayLeft=2253
2026-08-03 14:38:44.886 [INFO] [Taskbar.Bounds] hwnd=0x1012E iconRight=2660 trayLeft=5054
2026-08-03 14:38:45.416 [INFO] [Taskbar.Bounds] hwnd=0x100E2 iconRight=639 trayLeft=2253
2026-08-03 14:38:45.420 [INFO] [Taskbar.Bounds] hwnd=0x1012E iconRight=2660 trayLeft=5054
2026-08-03 14:38:45.944 [INFO] [Taskbar.Bounds] hwnd=0x100E2 iconRight=639 trayLeft=2253
2026-08-03 14:38:45.949 [INFO] [Taskbar.Bounds] hwnd=0x1012E iconRight=2660 trayLeft=5054
2026-08-03 14:38:46.486 [INFO] [Taskbar.Bounds] hwnd=0x100E2 iconRight=639 trayLeft=2253
2026-08-03 14:38:46.489 [INFO] [Taskbar.Bounds] hwnd=0x1012E iconRight=2660 trayLeft=5054
2026-08-03 14:38:47.019 [INFO] [Taskbar.Bounds] hwnd=0x100E2 iconRight=639 trayLeft=2253
2026-08-03 14:38:47.023 [INFO] [Taskbar.Bounds] hwnd=0x1012E iconRight=2660 trayLeft=5054
2026-08-03 14:38:47.534 [INFO] [Taskbar.Bounds] hwnd=0x100E2 iconRight=639 trayLeft=2253
2026-08-03 14:38:47.538 [INFO] [Taskbar.Bounds] hwnd=0x1012E iconRight=2660 trayLeft=5054
2026-08-03 14:38:48.073 [INFO] [Taskbar.Bounds] hwnd=0x100E2 iconRight=639 trayLeft=2253
2026-08-03 14:38:48.077 [INFO] [Taskbar.Bounds] hwnd=0x1012E iconRight=2660 trayLeft=5054
2026-08-03 14:38:48.605 [INFO] [Taskbar.Bounds] hwnd=0x100E2 iconRight=639 trayLeft=2253
2026-08-03 14:38:48.608 [INFO] [Taskbar.Bounds] hwnd=0x1012E iconRight=2660 trayLeft=5054
2026-08-03 14:38:49.130 [INFO] [Taskbar.Bounds] hwnd=0x100E2 iconRight=639 trayLeft=2253
2026-08-03 14:38:49.135 [INFO] [Taskbar.Bounds] hwnd=0x1012E iconRight=2660 trayLeft=5054
2026-08-03 14:38:49.672 [INFO] [Taskbar.Bounds] hwnd=0x100E2 iconRight=639 trayLeft=2253
2026-08-03 14:38:49.676 [INFO] [Taskbar.Bounds] hwnd=0x1012E iconRight=2660 trayLeft=5054
2026-08-03 14:38:50.202 [INFO] [Taskbar.Bounds] hwnd=0x100E2 iconRight=639 trayLeft=2253
2026-08-03 14:38:50.206 [INFO] [Taskbar.Bounds] hwnd=0x1012E iconRight=2660 trayLeft=5054
2026-08-03 14:38:50.738 [INFO] [Taskbar.Bounds] hwnd=0x100E2 iconRight=639 trayLeft=2253
2026-08-03 14:38:50.742 [INFO] [Taskbar.Bounds] hwnd=0x1012E iconRight=2660 trayLeft=5054
2026-08-03 14:38:51.271 [INFO] [Taskbar.Bounds] hwnd=0x100E2 iconRight=639 trayLeft=2253
2026-08-03 14:38:51.276 [INFO] [Taskbar.Bounds] hwnd=0x1012E iconRight=2660 trayLeft=5054
2026-08-03 14:38:51.802 [INFO] [Taskbar.Bounds] hwnd=0x100E2 iconRight=639 trayLeft=2253
2026-08-03 14:38:51.806 [INFO] [Taskbar.Bounds] hwnd=0x1012E iconRight=2660 trayLeft=5054
2026-08-03 14:38:52.320 [INFO] [Taskbar.Bounds] hwnd=0x100E2 iconRight=639 trayLeft=2253
2026-08-03 14:38:52.324 [INFO] [Taskbar.Bounds] hwnd=0x1012E iconRight=2660 trayLeft=5054
2026-08-03 14:38:52.847 [INFO] [Taskbar.Bounds] hwnd=0x100E2 iconRight=639 trayLeft=2253
2026-08-03 14:38:52.851 [INFO] [Taskbar.Bounds] hwnd=0x1012E iconRight=2660 trayLeft=5054
2026-08-03 14:38:53.379 [INFO] [Taskbar.Bounds] hwnd=0x100E2 iconRight=639 trayLeft=2253
2026-08-03 14:38:53.383 [INFO] [Taskbar.Bounds] hwnd=0x1012E iconRight=2660 trayLeft=5054
2026-08-03 14:38:53.934 [INFO] [Taskbar.Bounds] hwnd=0x100E2 iconRight=639 trayLeft=2253
2026-08-03 14:38:53.939 [INFO] [Taskbar.Bounds] hwnd=0x1012E iconRight=2660 trayLeft=5054
2026-08-03 14:38:54.452 [INFO] [Taskbar.Bounds] hwnd=0x100E2 iconRight=639 trayLeft=2253
2026-08-03 14:38:54.457 [INFO] [Taskbar.Bounds] hwnd=0x1012E iconRight=2660 trayLeft=5054
2026-08-03 14:38:54.984 [INFO] [Taskbar.Bounds] hwnd=0x100E2 iconRight=639 trayLeft=2253
2026-08-03 14:38:54.990 [INFO] [Taskbar.Bounds] hwnd=0x1012E iconRight=2660 trayLeft=5054
2026-08-03 14:38:55.510 [INFO] [Taskbar.Bounds] hwnd=0x100E2 iconRight=639 trayLeft=2253
2026-08-03 14:38:55.514 [INFO] [Taskbar.Bounds] hwnd=0x1012E iconRight=2660 trayLeft=5054
2026-08-03 14:38:56.042 [INFO] [Taskbar.Bounds] hwnd=0x100E2 iconRight=639 trayLeft=2253
2026-08-03 14:38:56.046 [INFO] [Taskbar.Bounds] hwnd=0x1012E iconRight=2660 trayLeft=5054
2026-08-03 14:38:56.577 [INFO] [Taskbar.Bounds] hwnd=0x100E2 iconRight=639 trayLeft=2253
2026-08-03 14:38:56.580 [INFO] [Taskbar.Bounds] hwnd=0x1012E iconRight=2660 trayLeft=5054
2026-08-03 14:38:57.108 [INFO] [Taskbar.Bounds] hwnd=0x100E2 iconRight=639 trayLeft=2253
2026-08-03 14:38:57.113 [INFO] [Taskbar.Bounds] hwnd=0x1012E iconRight=2660 trayLeft=5054
2026-08-03 14:38:57.643 [INFO] [Taskbar.Bounds] hwnd=0x100E2 iconRight=639 trayLeft=2253
2026-08-03 14:38:57.646 [INFO] [Taskbar.Bounds] hwnd=0x1012E iconRight=2660 trayLeft=5054
2026-08-03 14:38:58.168 [INFO] [Taskbar.Bounds] hwnd=0x100E2 iconRight=639 trayLeft=2253
2026-08-03 14:38:58.172 [INFO] [Taskbar.Bounds] hwnd=0x1012E iconRight=2660 trayLeft=5054
2026-08-03 14:38:58.324 [INFO] [Taskbar.Bounds] hwnd=0x100E2 iconRight=639 trayLeft=2253
2026-08-03 14:38:58.329 [INFO] [Taskbar.Bounds] hwnd=0x1012E iconRight=2660 trayLeft=5054
2026-08-03 14:38:58.707 [INFO] [Taskbar.Bounds] hwnd=0x100E2 iconRight=639 trayLeft=2253
2026-08-03 14:38:58.713 [INFO] [Taskbar.Bounds] hwnd=0x1012E iconRight=2660 trayLeft=5054
2026-08-03 14:38:59.224 [INFO] [Taskbar.Bounds] hwnd=0x100E2 iconRight=639 trayLeft=2253
2026-08-03 14:38:59.228 [INFO] [Taskbar.Bounds] hwnd=0x1012E iconRight=2660 trayLeft=5054
2026-08-03 14:38:59.758 [INFO] [Taskbar.Bounds] hwnd=0x100E2 iconRight=639 trayLeft=2253
2026-08-03 14:38:59.766 [INFO] [Taskbar.Bounds] hwnd=0x1012E iconRight=2660 trayLeft=5054
2026-08-03 14:39:00.299 [INFO] [Taskbar.Bounds] hwnd=0x100E2 iconRight=639 trayLeft=2253
2026-08-03 14:39:00.304 [INFO] [Taskbar.Bounds] hwnd=0x1012E iconRight=2660 trayLeft=5054
2026-08-03 14:39:00.824 [INFO] [Taskbar.Bounds] hwnd=0x100E2 iconRight=639 trayLeft=2253
2026-08-03 14:39:00.828 [INFO] [Taskbar.Bounds] hwnd=0x1012E iconRight=2660 trayLeft=5054
2026-08-03 14:39:01.358 [INFO] [Taskbar.Bounds] hwnd=0x100E2 iconRight=639 trayLeft=2253
2026-08-03 14:39:01.363 [INFO] [Taskbar.Bounds] hwnd=0x1012E iconRight=2660 trayLeft=5054
2026-08-03 14:39:01.892 [INFO] [Taskbar.Bounds] hwnd=0x100E2 iconRight=639 trayLeft=2253
2026-08-03 14:39:01.897 [INFO] [Taskbar.Bounds] hwnd=0x1012E iconRight=2660 trayLeft=5054
2026-08-03 14:39:02.413 [INFO] [Taskbar.Bounds] hwnd=0x100E2 iconRight=639 trayLeft=2253
2026-08-03 14:39:02.429 [INFO] [Taskbar.Bounds] hwnd=0x1012E iconRight=2660 trayLeft=5054
2026-08-03 14:39:02.942 [INFO] [Taskbar.Bounds] hwnd=0x100E2 iconRight=639 trayLeft=2253
2026-08-03 14:39:02.947 [INFO] [Taskbar.Bounds] hwnd=0x1012E iconRight=2660 trayLeft=5054
2026-08-03 14:39:03.517 [INFO] [Taskbar.Bounds] hwnd=0x100E2 iconRight=639 trayLeft=2253
2026-08-03 14:39:03.523 [INFO] [Taskbar.Bounds] hwnd=0x1012E iconRight=2660 trayLeft=5054
2026-08-03 14:39:04.022 [INFO] [Taskbar.Bounds] hwnd=0x100E2 iconRight=639 trayLeft=2253
2026-08-03 14:39:04.027 [INFO] [Taskbar.Bounds] hwnd=0x1012E iconRight=2660 trayLeft=5054
2026-08-03 14:39:04.547 [INFO] [Taskbar.Bounds] hwnd=0x100E2 iconRight=639 trayLeft=2253
2026-08-03 14:39:04.552 [INFO] [Taskbar.Bounds] hwnd=0x1012E iconRight=2660 trayLeft=5054
2026-08-03 14:39:05.077 [INFO] [Taskbar.Bounds] hwnd=0x100E2 iconRight=639 trayLeft=2253
2026-08-03 14:39:05.081 [INFO] [Taskbar.Bounds] hwnd=0x1012E iconRight=2660 trayLeft=5054
2026-08-03 14:39:05.606 [INFO] [Taskbar.Bounds] hwnd=0x100E2 iconRight=639 trayLeft=2253
2026-08-03 14:39:05.610 [INFO] [Taskbar.Bounds] hwnd=0x1012E iconRight=2660 trayLeft=5054
2026-08-03 14:39:06.135 [INFO] [Taskbar.Bounds] hwnd=0x100E2 iconRight=639 trayLeft=2253
2026-08-03 14:39:06.138 [INFO] [Taskbar.Bounds] hwnd=0x1012E iconRight=2660 trayLeft=5054
2026-08-03 14:39:06.663 [INFO] [Taskbar.Bounds] hwnd=0x100E2 iconRight=639 trayLeft=2253
2026-08-03 14:39:06.668 [INFO] [Taskbar.Bounds] hwnd=0x1012E iconRight=2660 trayLeft=5054
2026-08-03 14:39:07.198 [INFO] [Taskbar.Bounds] hwnd=0x100E2 iconRight=639 trayLeft=2253
2026-08-03 14:39:07.203 [INFO] [Taskbar.Bounds] hwnd=0x1012E iconRight=2660 trayLeft=5054
2026-08-03 14:39:07.725 [INFO] [Taskbar.Bounds] hwnd=0x100E2 iconRight=639 trayLeft=2253
2026-08-03 14:39:07.728 [INFO] [Taskbar.Bounds] hwnd=0x1012E iconRight=2660 trayLeft=5054
2026-08-03 14:39:08.262 [INFO] [Taskbar.Bounds] hwnd=0x100E2 iconRight=639 trayLeft=2253
2026-08-03 14:39:08.270 [INFO] [Taskbar.Bounds] hwnd=0x1012E iconRight=2660 trayLeft=5054
2026-08-03 14:39:08.785 [INFO] [Taskbar.Bounds] hwnd=0x100E2 iconRight=639 trayLeft=2253
2026-08-03 14:39:08.789 [INFO] [Taskbar.Bounds] hwnd=0x1012E iconRight=2660 trayLeft=5054
2026-08-03 14:39:09.324 [INFO] [Taskbar.Bounds] hwnd=0x100E2 iconRight=639 trayLeft=2253
2026-08-03 14:39:09.328 [INFO] [Taskbar.Bounds] hwnd=0x1012E iconRight=2660 trayLeft=5054
2026-08-03 14:39:09.849 [INFO] [Taskbar.Bounds] hwnd=0x100E2 iconRight=639 trayLeft=2253
2026-08-03 14:39:09.853 [INFO] [Taskbar.Bounds] hwnd=0x1012E iconRight=2660 trayLeft=5054
2026-08-03 14:39:10.390 [INFO] [Taskbar.Bounds] hwnd=0x100E2 iconRight=639 trayLeft=2253
2026-08-03 14:39:10.394 [INFO] [Taskbar.Bounds] hwnd=0x1012E iconRight=2660 trayLeft=5054
2026-08-03 14:39:10.925 [INFO] [Taskbar.Bounds] hwnd=0x100E2 iconRight=639 trayLeft=2253
2026-08-03 14:39:10.929 [INFO] [Taskbar.Bounds] hwnd=0x1012E iconRight=2660 trayLeft=5054
2026-08-03 14:39:11.448 [INFO] [Taskbar.Bounds] hwnd=0x100E2 iconRight=639 trayLeft=2253
2026-08-03 14:39:11.452 [INFO] [Taskbar.Bounds] hwnd=0x1012E iconRight=2660 trayLeft=5054
2026-08-03 14:39:11.975 [INFO] [Taskbar.Bounds] hwnd=0x100E2 iconRight=639 trayLeft=2253
2026-08-03 14:39:11.979 [INFO] [Taskbar.Bounds] hwnd=0x1012E iconRight=2660 trayLeft=5054
2026-08-03 14:39:12.516 [INFO] [Taskbar.Bounds] hwnd=0x100E2 iconRight=639 trayLeft=2253
2026-08-03 14:39:12.520 [INFO] [Taskbar.Bounds] hwnd=0x1012E iconRight=2660 trayLeft=5054
2026-08-03 14:39:13.053 [INFO] [Taskbar.Bounds] hwnd=0x100E2 iconRight=639 trayLeft=2253
2026-08-03 14:39:13.061 [INFO] [Taskbar.Bounds] hwnd=0x1012E iconRight=2660 trayLeft=5054
2026-08-03 14:39:13.575 [INFO] [Taskbar.Bounds] hwnd=0x100E2 iconRight=639 trayLeft=2253
2026-08-03 14:39:13.580 [INFO] [Taskbar.Bounds] hwnd=0x1012E iconRight=2660 trayLeft=5054
2026-08-03 14:39:14.106 [INFO] [Taskbar.Bounds] hwnd=0x100E2 iconRight=639 trayLeft=2253
2026-08-03 14:39:14.111 [INFO] [Taskbar.Bounds] hwnd=0x1012E iconRight=2660 trayLeft=5054
2026-08-03 14:39:14.650 [INFO] [Taskbar.Bounds] hwnd=0x100E2 iconRight=639 trayLeft=2253
2026-08-03 14:39:14.654 [INFO] [Taskbar.Bounds] hwnd=0x1012E iconRight=2660 trayLeft=5054
2026-08-03 14:39:15.169 [INFO] [Taskbar.Bounds] hwnd=0x100E2 iconRight=639 trayLeft=2253
2026-08-03 14:39:15.173 [INFO] [Taskbar.Bounds] hwnd=0x1012E iconRight=2660 trayLeft=5054
2026-08-03 14:39:15.696 [INFO] [Taskbar.Bounds] hwnd=0x100E2 iconRight=639 trayLeft=2253
2026-08-03 14:39:15.701 [INFO] [Taskbar.Bounds] hwnd=0x1012E iconRight=2660 trayLeft=5054
2026-08-03 14:39:16.242 [INFO] [Taskbar.Bounds] hwnd=0x100E2 iconRight=639 trayLeft=2253
2026-08-03 14:39:16.247 [INFO] [Taskbar.Bounds] hwnd=0x1012E iconRight=2660 trayLeft=5054
2026-08-03 14:39:16.770 [INFO] [Taskbar.Bounds] hwnd=0x100E2 iconRight=639 trayLeft=2253
2026-08-03 14:39:16.774 [INFO] [Taskbar.Bounds] hwnd=0x1012E iconRight=2660 trayLeft=5054
2026-08-03 14:39:17.301 [INFO] [Taskbar.Bounds] hwnd=0x100E2 iconRight=639 trayLeft=2253
2026-08-03 14:39:17.305 [INFO] [Taskbar.Bounds] hwnd=0x1012E iconRight=2660 trayLeft=5054
2026-08-03 14:39:17.837 [INFO] [Taskbar.Bounds] hwnd=0x100E2 iconRight=639 trayLeft=2253
2026-08-03 14:39:17.846 [INFO] [Taskbar.Bounds] hwnd=0x1012E iconRight=2660 trayLeft=5054
2026-08-03 14:39:18.357 [INFO] [Taskbar.Bounds] hwnd=0x100E2 iconRight=639 trayLeft=2253
2026-08-03 14:39:18.361 [INFO] [Taskbar.Bounds] hwnd=0x1012E iconRight=2660 trayLeft=5054
2026-08-03 14:39:18.890 [INFO] [Taskbar.Bounds] hwnd=0x100E2 iconRight=639 trayLeft=2253
2026-08-03 14:39:18.894 [INFO] [Taskbar.Bounds] hwnd=0x1012E iconRight=2660 trayLeft=5054
2026-08-03 14:39:19.417 [INFO] [Taskbar.Bounds] hwnd=0x100E2 iconRight=639 trayLeft=2253
2026-08-03 14:39:19.421 [INFO] [Taskbar.Bounds] hwnd=0x1012E iconRight=2660 trayLeft=5054
2026-08-03 14:39:19.946 [INFO] [Taskbar.Bounds] hwnd=0x100E2 iconRight=639 trayLeft=2253
2026-08-03 14:39:19.951 [INFO] [Taskbar.Bounds] hwnd=0x1012E iconRight=2660 trayLeft=5054
2026-08-03 14:39:20.493 [INFO] [Taskbar.Bounds] hwnd=0x100E2 iconRight=639 trayLeft=2253
2026-08-03 14:39:20.499 [INFO] [Taskbar.Bounds] hwnd=0x1012E iconRight=2660 trayLeft=5054
2026-08-03 14:39:21.033 [INFO] [Taskbar.Bounds] hwnd=0x100E2 iconRight=639 trayLeft=2253
2026-08-03 14:39:21.038 [INFO] [Taskbar.Bounds] hwnd=0x1012E iconRight=2660 trayLeft=5054
2026-08-03 14:39:21.662 [INFO] [Taskbar.Bounds] hwnd=0x100E2 iconRight=639 trayLeft=2253
2026-08-03 14:39:21.669 [INFO] [Taskbar.Bounds] hwnd=0x1012E iconRight=2660 trayLeft=5054
2026-08-03 14:39:22.084 [INFO] [Taskbar.Bounds] hwnd=0x100E2 iconRight=639 trayLeft=2253
2026-08-03 14:39:22.088 [INFO] [Taskbar.Bounds] hwnd=0x1012E iconRight=2660 trayLeft=5054
2026-08-03 14:39:22.613 [INFO] [Taskbar.Bounds] hwnd=0x100E2 iconRight=639 trayLeft=2253
2026-08-03 14:39:22.619 [INFO] [Taskbar.Bounds] hwnd=0x1012E iconRight=2660 trayLeft=5054
2026-08-03 14:39:23.137 [INFO] [Taskbar.Bounds] hwnd=0x100E2 iconRight=639 trayLeft=2253
2026-08-03 14:39:23.141 [INFO] [Taskbar.Bounds] hwnd=0x1012E iconRight=2660 trayLeft=5054
2026-08-03 14:39:23.686 [INFO] [Taskbar.Bounds] hwnd=0x100E2 iconRight=639 trayLeft=2253
2026-08-03 14:39:23.691 [INFO] [Taskbar.Bounds] hwnd=0x1012E iconRight=2660 trayLeft=5054
2026-08-03 14:39:24.199 [INFO] [Taskbar.Bounds] hwnd=0x100E2 iconRight=639 trayLeft=2253
2026-08-03 14:39:24.203 [INFO] [Taskbar.Bounds] hwnd=0x1012E iconRight=2660 trayLeft=5054
2026-08-03 14:39:24.747 [INFO] [Taskbar.Bounds] hwnd=0x100E2 iconRight=639 trayLeft=2253
2026-08-03 14:39:24.753 [INFO] [Taskbar.Bounds] hwnd=0x1012E iconRight=2660 trayLeft=5054
2026-08-03 14:39:25.309 [INFO] [Taskbar.Bounds] hwnd=0x100E2 iconRight=639 trayLeft=2253
2026-08-03 14:39:25.314 [INFO] [Taskbar.Bounds] hwnd=0x1012E iconRight=2660 trayLeft=5054
2026-08-03 14:39:25.799 [INFO] [Taskbar.Bounds] hwnd=0x100E2 iconRight=639 trayLeft=2253
2026-08-03 14:39:25.805 [INFO] [Taskbar.Bounds] hwnd=0x1012E iconRight=2660 trayLeft=5054
2026-08-03 14:39:26.343 [INFO] [Taskbar.Bounds] hwnd=0x100E2 iconRight=639 trayLeft=2253
2026-08-03 14:39:26.348 [INFO] [Taskbar.Bounds] hwnd=0x1012E iconRight=2660 trayLeft=5054
2026-08-03 14:39:26.863 [INFO] [Taskbar.Bounds] hwnd=0x100E2 iconRight=639 trayLeft=2253
2026-08-03 14:39:26.866 [INFO] [Taskbar.Bounds] hwnd=0x1012E iconRight=2660 trayLeft=5054
2026-08-03 14:39:27.388 [INFO] [Taskbar.Bounds] hwnd=0x100E2 iconRight=639 trayLeft=2253
2026-08-03 14:39:27.392 [INFO] [Taskbar.Bounds] hwnd=0x1012E iconRight=2660 trayLeft=5054
2026-08-03 14:39:27.916 [INFO] [Taskbar.Bounds] hwnd=0x100E2 iconRight=639 trayLeft=2253
2026-08-03 14:39:27.919 [INFO] [Taskbar.Bounds] hwnd=0x1012E iconRight=2660 trayLeft=5054
2026-08-03 14:39:28.449 [INFO] [Taskbar.Bounds] hwnd=0x100E2 iconRight=639 trayLeft=2253
2026-08-03 14:39:28.452 [INFO] [Taskbar.Bounds] hwnd=0x1012E iconRight=2660 trayLeft=5054
2026-08-03 14:39:28.982 [INFO] [Taskbar.Bounds] hwnd=0x100E2 iconRight=639 trayLeft=2253
2026-08-03 14:39:28.986 [INFO] [Taskbar.Bounds] hwnd=0x1012E iconRight=2660 trayLeft=5054
2026-08-03 14:39:29.514 [INFO] [Taskbar.Bounds] hwnd=0x100E2 iconRight=639 trayLeft=2253
2026-08-03 14:39:29.518 [INFO] [Taskbar.Bounds] hwnd=0x1012E iconRight=2660 trayLeft=5054
2026-08-03 14:39:30.048 [INFO] [Taskbar.Bounds] hwnd=0x100E2 iconRight=639 trayLeft=2253
2026-08-03 14:39:30.052 [INFO] [Taskbar.Bounds] hwnd=0x1012E iconRight=2660 trayLeft=5054
2026-08-03 14:39:30.578 [INFO] [Taskbar.Bounds] hwnd=0x100E2 iconRight=639 trayLeft=2253
2026-08-03 14:39:30.582 [INFO] [Taskbar.Bounds] hwnd=0x1012E iconRight=2660 trayLeft=5054
2026-08-03 14:39:31.103 [INFO] [Taskbar.Bounds] hwnd=0x100E2 iconRight=639 trayLeft=2253
2026-08-03 14:39:31.106 [INFO] [Taskbar.Bounds] hwnd=0x1012E iconRight=2660 trayLeft=5054
2026-08-03 14:39:31.636 [INFO] [Taskbar.Bounds] hwnd=0x100E2 iconRight=639 trayLeft=2253
2026-08-03 14:39:31.641 [INFO] [Taskbar.Bounds] hwnd=0x1012E iconRight=2660 trayLeft=5054
2026-08-03 14:39:32.170 [INFO] [Taskbar.Bounds] hwnd=0x100E2 iconRight=639 trayLeft=2253
2026-08-03 14:39:32.174 [INFO] [Taskbar.Bounds] hwnd=0x1012E iconRight=2660 trayLeft=5054
2026-08-03 14:39:32.704 [INFO] [Taskbar.Bounds] hwnd=0x100E2 iconRight=639 trayLeft=2253
2026-08-03 14:39:32.708 [INFO] [Taskbar.Bounds] hwnd=0x1012E iconRight=2660 trayLeft=5054
2026-08-03 14:39:33.230 [INFO] [Taskbar.Bounds] hwnd=0x100E2 iconRight=639 trayLeft=2253
2026-08-03 14:39:33.235 [INFO] [Taskbar.Bounds] hwnd=0x1012E iconRight=2660 trayLeft=5054
2026-08-03 14:39:33.765 [INFO] [Taskbar.Bounds] hwnd=0x100E2 iconRight=639 trayLeft=2253
2026-08-03 14:39:33.769 [INFO] [Taskbar.Bounds] hwnd=0x1012E iconRight=2660 trayLeft=5054
2026-08-03 14:39:34.297 [INFO] [Taskbar.Bounds] hwnd=0x100E2 iconRight=639 trayLeft=2253
2026-08-03 14:39:34.302 [INFO] [Taskbar.Bounds] hwnd=0x1012E iconRight=2660 trayLeft=5054
2026-08-03 14:39:34.825 [INFO] [Taskbar.Bounds] hwnd=0x100E2 iconRight=639 trayLeft=2253
2026-08-03 14:39:34.831 [INFO] [Taskbar.Bounds] hwnd=0x1012E iconRight=2660 trayLeft=5054
2026-08-03 14:39:35.368 [INFO] [Taskbar.Bounds] hwnd=0x100E2 iconRight=639 trayLeft=2253
2026-08-03 14:39:35.372 [INFO] [Taskbar.Bounds] hwnd=0x1012E iconRight=2660 trayLeft=5054
2026-08-03 14:39:35.886 [INFO] [Taskbar.Bounds] hwnd=0x100E2 iconRight=639 trayLeft=2253
2026-08-03 14:39:35.890 [INFO] [Taskbar.Bounds] hwnd=0x1012E iconRight=2660 trayLeft=5054
2026-08-03 14:39:36.411 [INFO] [Taskbar.Bounds] hwnd=0x100E2 iconRight=639 trayLeft=2253
2026-08-03 14:39:36.415 [INFO] [Taskbar.Bounds] hwnd=0x1012E iconRight=2660 trayLeft=5054
2026-08-03 14:39:36.958 [INFO] [Taskbar.Bounds] hwnd=0x100E2 iconRight=639 trayLeft=2253
2026-08-03 14:39:36.963 [INFO] [Taskbar.Bounds] hwnd=0x1012E iconRight=2660 trayLeft=5054
2026-08-03 14:39:37.490 [INFO] [Taskbar.Bounds] hwnd=0x100E2 iconRight=639 trayLeft=2253
2026-08-03 14:39:37.495 [INFO] [Taskbar.Bounds] hwnd=0x1012E iconRight=2660 trayLeft=5054
2026-08-03 14:39:38.024 [INFO] [Taskbar.Bounds] hwnd=0x100E2 iconRight=639 trayLeft=2253
2026-08-03 14:39:38.031 [INFO] [Taskbar.Bounds] hwnd=0x1012E iconRight=2660 trayLeft=5054
2026-08-03 14:39:38.549 [INFO] [Taskbar.Bounds] hwnd=0x100E2 iconRight=639 trayLeft=2253
2026-08-03 14:39:38.553 [INFO] [Taskbar.Bounds] hwnd=0x1012E iconRight=2660 trayLeft=5054
2026-08-03 14:39:39.076 [INFO] [Taskbar.Bounds] hwnd=0x100E2 iconRight=639 trayLeft=2253
2026-08-03 14:39:39.080 [INFO] [Taskbar.Bounds] hwnd=0x1012E iconRight=2660 trayLeft=5054
2026-08-03 14:39:39.607 [INFO] [Taskbar.Bounds] hwnd=0x100E2 iconRight=639 trayLeft=2253
2026-08-03 14:39:39.611 [INFO] [Taskbar.Bounds] hwnd=0x1012E iconRight=2660 trayLeft=5054
2026-08-03 14:39:40.147 [INFO] [Taskbar.Bounds] hwnd=0x100E2 iconRight=639 trayLeft=2253
2026-08-03 14:39:40.152 [INFO] [Taskbar.Bounds] hwnd=0x1012E iconRight=2660 trayLeft=5054
2026-08-03 14:39:40.667 [INFO] [Taskbar.Bounds] hwnd=0x100E2 iconRight=639 trayLeft=2253
2026-08-03 14:39:40.674 [INFO] [Taskbar.Bounds] hwnd=0x1012E iconRight=2660 trayLeft=5054
2026-08-03 14:39:41.210 [INFO] [Taskbar.Bounds] hwnd=0x100E2 iconRight=639 trayLeft=2253
2026-08-03 14:39:41.216 [INFO] [Taskbar.Bounds] hwnd=0x1012E iconRight=2660 trayLeft=5054
2026-08-03 14:39:41.740 [INFO] [Taskbar.Bounds] hwnd=0x100E2 iconRight=639 trayLeft=2253
2026-08-03 14:39:41.744 [INFO] [Taskbar.Bounds] hwnd=0x1012E iconRight=2660 trayLeft=5054
2026-08-03 14:39:42.266 [INFO] [Taskbar.Bounds] hwnd=0x100E2 iconRight=639 trayLeft=2253
2026-08-03 14:39:42.271 [INFO] [Taskbar.Bounds] hwnd=0x1012E iconRight=2660 trayLeft=5054
2026-08-03 14:39:42.798 [INFO] [Taskbar.Bounds] hwnd=0x100E2 iconRight=639 trayLeft=2253
2026-08-03 14:39:42.803 [INFO] [Taskbar.Bounds] hwnd=0x1012E iconRight=2660 trayLeft=5054
2026-08-03 14:39:43.320 [INFO] [Taskbar.Bounds] hwnd=0x100E2 iconRight=639 trayLeft=2253
2026-08-03 14:39:43.325 [INFO] [Taskbar.Bounds] hwnd=0x1012E iconRight=2660 trayLeft=5054
2026-08-03 14:39:43.860 [INFO] [Taskbar.Bounds] hwnd=0x100E2 iconRight=639 trayLeft=2253
2026-08-03 14:39:43.864 [INFO] [Taskbar.Bounds] hwnd=0x1012E iconRight=2660 trayLeft=5054
2026-08-03 14:39:44.399 [INFO] [Taskbar.Bounds] hwnd=0x100E2 iconRight=639 trayLeft=2253
2026-08-03 14:39:44.406 [INFO] [Taskbar.Bounds] hwnd=0x1012E iconRight=2660 trayLeft=5054
2026-08-03 14:39:44.929 [INFO] [Taskbar.Bounds] hwnd=0x100E2 iconRight=639 trayLeft=2253
2026-08-03 14:39:45.446 [INFO] [Taskbar.Bounds] hwnd=0x1012E iconRight=2660 trayLeft=5054
2026-08-03 14:39:45.458 [INFO] [Taskbar.Bounds] hwnd=0x100E2 iconRight=639 trayLeft=2253
2026-08-03 14:39:45.462 [INFO] [Taskbar.Bounds] hwnd=0x1012E iconRight=2660 trayLeft=5054
2026-08-03 14:39:45.992 [INFO] [Taskbar.Bounds] hwnd=0x100E2 iconRight=639 trayLeft=2253
2026-08-03 14:39:45.996 [INFO] [Taskbar.Bounds] hwnd=0x1012E iconRight=2660 trayLeft=5054
2026-08-03 14:39:46.520 [INFO] [Taskbar.Bounds] hwnd=0x100E2 iconRight=639 trayLeft=2253
2026-08-03 14:39:46.526 [INFO] [Taskbar.Bounds] hwnd=0x1012E iconRight=2660 trayLeft=5054
2026-08-03 14:39:47.048 [INFO] [Taskbar.Bounds] hwnd=0x100E2 iconRight=639 trayLeft=2253
2026-08-03 14:39:47.052 [INFO] [Taskbar.Bounds] hwnd=0x1012E iconRight=2660 trayLeft=5054
2026-08-03 14:39:47.575 [INFO] [Taskbar.Bounds] hwnd=0x100E2 iconRight=639 trayLeft=2253
2026-08-03 14:39:47.580 [INFO] [Taskbar.Bounds] hwnd=0x1012E iconRight=2660 trayLeft=5054
